             VMA              LMA     Size Align Out     In      Symbol
               0                0 80200000     1 . = 0x80200000
        80200000         80200000     3000    16 .text
        80200000         80200000        e     1         /tmp/entry-f4dd1e.o:(.text.boot)
        80200000         80200000        0     1                 
        80200000         80200000        0     1                 .Lpcrel_hi0
        80200000         80200000        0     1                 $x.0
        80200000         80200000        0     1                 
        80200000         80200000        0     1                 boot
        80200008         80200008        0     1                 
        8020000c         8020000c        0     1                 spin
        8020000c         8020000c        0     1                 
        8020000c         8020000c        0     1                 
        8020000e         8020000e        0     1                 
        8020000e         8020000e      112     2         /tmp/main-569b99.o:(.text)
        8020000e         8020000e        0     1                 
        8020000e         8020000e        0     1                 
        8020000e         8020000e        0     1                 $x.0
        8020000e         8020000e        0     1                 
        8020000e         8020000e      112     1                 main
        80200014         80200014        0     1                 .Lpcrel_hi0
        80200014         80200014        0     1                 
        80200020         80200020        0     1                 
        80200020         80200020        0     1                 
        80200024         80200024        0     1                 
        80200024         80200024        0     1                 
        80200028         80200028        0     1                 
        80200028         80200028        0     1                 
        8020002c         8020002c        0     1                 
        8020002c         8020002c        0     1                 .Lpcrel_hi1
        8020002c         8020002c        0     1                 
        80200034         80200034        0     1                 .Lpcrel_hi2
        80200040         80200040        0     1                 
        80200040         80200040        0     1                 .Lpcrel_hi3
        80200040         80200040        0     1                 
        80200054         80200054        0     1                 
        80200054         80200054        0     1                 
        80200058         80200058        0     1                 
        8020005a         8020005a        0     1                 
        8020005a         8020005a        0     1                 .Lpcrel_hi4
        8020005a         8020005a        0     1                 
        80200068         80200068        0     1                 
        80200068         80200068        0     1                 
        8020006c         8020006c        0     1                 
        8020006e         8020006e        0     1                 
        8020006e         8020006e        0     1                 
        80200074         80200074        0     1                 
        80200074         80200074        0     1                 
        80200078         80200078        0     1                 
        8020007a         8020007a        0     1                 
        8020007a         8020007a        0     1                 
        80200080         80200080        0     1                 
        80200080         80200080        0     1                 
        80200084         80200084        0     1                 
        80200086         80200086        0     1                 
        80200086         80200086        0     1                 
        8020008c         8020008c        0     1                 
        8020008c         8020008c        0     1                 
        80200090         80200090        0     1                 
        80200092         80200092        0     1                 
        80200092         80200092        0     1                 
        80200098         80200098        0     1                 
        80200098         80200098        0     1                 
        8020009c         8020009c        0     1                 
        8020009e         8020009e        0     1                 
        8020009e         8020009e        0     1                 
        802000a4         802000a4        0     1                 
        802000a4         802000a4        0     1                 
        802000a8         802000a8        0     1                 
        802000aa         802000aa        0     1                 
        802000aa         802000aa        0     1                 
        802000b0         802000b0        0     1                 
        802000b0         802000b0        0     1                 
        802000b4         802000b4        0     1                 
        802000b6         802000b6        0     1                 
        802000b6         802000b6        0     1                 
        802000bc         802000bc        0     1                 
        802000bc         802000bc        0     1                 
        802000c0         802000c0        0     1                 
        802000c2         802000c2        0     1                 
        802000c2         802000c2        0     1                 
        802000c8         802000c8        0     1                 
        802000c8         802000c8        0     1                 
        802000cc         802000cc        0     1                 
        802000ce         802000ce        0     1                 
        802000ce         802000ce        0     1                 
        802000d4         802000d4        0     1                 
        802000d4         802000d4        0     1                 .Lpcrel_hi5
        802000d4         802000d4        0     1                 
        802000e4         802000e4        0     1                 
        802000ec         802000ec        0     1                 
        802000f2         802000f2        0     1                 
        802000f6         802000f6        0     1                 
        802000f6         802000f6        0     1                 
        802000fa         802000fa        0     1                 
        802000fa         802000fa        0     1                 .Lpcrel_hi6
        802000fa         802000fa        0     1                 
        80200106         80200106        0     1                 
        80200106         80200106        0     1                 
        8020010c         8020010c        0     1                 
        80200110         80200110        0     1                 
        80200110         80200110        0     1                 
        80200112         80200112        0     1                 
        80200112         80200112        0     1                 .Lpcrel_hi7
        80200112         80200112        0     1                 
        8020011e         8020011e        0     1                 
        8020011e         8020011e        0     1                 .LBB0_1
        8020011e         8020011e        0     1                 
        80200120         80200120        0     1                 
        80200120         80200120        0     1                 
        80200120         80200120      93c     2         /tmp/common-7c53e4.o:(.text)
        80200120         80200120        0     1                 
        80200120         80200120        0     1                 
        80200120         80200120        0     1                 $x.0
        80200120         80200120        0     1                 
        80200120         80200120       3c     1                 putchar
        80200122         80200122        0     1                 
        80200128         80200128        0     1                 
        8020012e         8020012e        0     1                 
        8020012e         8020012e        0     1                 
        80200142         80200142        0     1                 
        80200142         80200142        0     1                 
        80200148         80200148        0     1                 
        8020014a         8020014a        0     1                 .LBB0_2
        8020014a         8020014a        0     1                 
        8020015c         8020015c        0     1                 
        8020015c         8020015c        0     1                 
        8020015c         8020015c        0     1                 
        8020015c         8020015c        0     1                 
        8020015c         8020015c        0     1                 
        8020015c         8020015c        0     1                 
        8020015c         8020015c       5e     1                 puts
        80200160         80200160        0     1                 
        80200164         80200164        0     1                 
        80200174         80200174        0     1                 
        80200174         80200174        0     1                 .LBB1_2
        80200174         80200174        0     1                 
        80200188         80200188        0     1                 
        80200188         80200188        0     1                 
        8020018c         8020018c        0     1                 
        8020018e         8020018e        0     1                 
        80200190         80200190        0     1                 .LBB1_3
        80200190         80200190        0     1                 
        80200190         80200190        0     1                 
        80200194         80200194        0     1                 
        80200198         80200198        0     1                 
        8020019e         8020019e        0     1                 
        802001ac         802001ac        0     1                 
        802001ac         802001ac        0     1                 
        802001ae         802001ae        0     1                 .LBB1_5
        802001ae         802001ae        0     1                 
        802001b8         802001b8        0     1                 .LBB1_6
        802001b8         802001b8        0     1                 
        802001ba         802001ba        0     1                 
        802001ba         802001ba        0     1                 
        802001ba         802001ba        0     1                 
        802001ba         802001ba        0     1                 
        802001ba         802001ba        0     1                 
        802001ba         802001ba      78a     1                 printf
        802001d8         802001d8        0     1                 
        802001f0         802001f0        0     1                 
        802001f2         802001f2        0     1                 
        802001f2         802001f2        0     1                 
        8020020c         8020020c        0     1                 
        8020020c         8020020c        0     1                 .LBB2_1
        8020020c         8020020c        0     1                 
        80200220         80200220        0     1                 
        80200220         80200220        0     1                 .LBB2_2
        80200220         80200220        0     1                 
        80200234         80200234        0     1                 
        80200234         80200234        0     1                 
        80200236         80200236        0     1                 .LBB2_3
        80200236         80200236        0     1                 
        8020023e         8020023e        0     1                 
        80200246         80200246        0     1                 
        8020024a         8020024a        0     1                 .LBB2_6
        8020024a         8020024a        0     1                 
        8020024e         8020024e        0     1                 
        8020024e         8020024e        0     1                 
        80200256         80200256        0     1                 
        80200256         80200256        0     1                 
        8020025a         8020025a        0     1                 
        8020025e         8020025e        0     1                 
        8020025e         8020025e        0     1                 
        80200260         80200260        0     1                 
        80200264         80200264        0     1                 
        80200264         80200264        0     1                 
        80200266         80200266        0     1                 .LBB2_9
        80200266         80200266        0     1                 
        80200268         80200268        0     1                 .LBB2_10
        80200268         80200268        0     1                 
        80200268         80200268        0     1                 .Lpcrel_hi0
        80200270         80200270        0     1                 
        80200274         80200274        0     1                 
        8020027a         8020027a        0     1                 
        8020027e         8020027e        0     1                 
        80200280         80200280        0     1                 
        80200280         80200280        0     1                 
        8020028c         8020028c        0     1                 
        8020028c         8020028c        0     1                 .LBB2_12
        8020028c         8020028c        0     1                 
        80200294         80200294        0     1                 
        8020029a         8020029a        0     1                 
        8020029a         8020029a        0     1                 
        802002a2         802002a2        0     1                 
        802002a8         802002a8        0     1                 
        802002a8         802002a8        0     1                 
        802002ac         802002ac        0     1                 
        802002ae         802002ae        0     1                 
        802002b2         802002b2        0     1                 
        802002b6         802002b6        0     1                 
        802002ba         802002ba        0     1                 
        802002ba         802002ba        0     1                 
        802002c2         802002c2        0     1                 .LBB2_15
        802002c2         802002c2        0     1                 
        802002c4         802002c4        0     1                 .LBB2_16
        802002c4         802002c4        0     1                 
        802002d0         802002d0        0     1                 
        802002e0         802002e0        0     1                 
        802002e0         802002e0        0     1                 .LBB2_17
        802002e0         802002e0        0     1                 
        802002f4         802002f4        0     1                 
        802002f4         802002f4        0     1                 
        802002f6         802002f6        0     1                 
        802002fa         802002fa        0     1                 .LBB2_18
        802002fa         802002fa        0     1                 
        802002fe         802002fe        0     1                 
        802002fe         802002fe        0     1                 
        80200302         80200302        0     1                 
        80200316         80200316        0     1                 
        80200316         80200316        0     1                 
        80200318         80200318        0     1                 .LBB2_20
        80200318         80200318        0     1                 
        80200318         80200318        0     1                 
        80200324         80200324        0     1                 
        8020032e         8020032e        0     1                 
        8020032e         8020032e        0     1                 
        80200330         80200330        0     1                 
        80200330         80200330        0     1                 
        8020033a         8020033a        0     1                 
        8020033a         8020033a        0     1                 .LBB2_23
        8020033a         8020033a        0     1                 
        80200342         80200342        0     1                 
        80200348         80200348        0     1                 
        80200348         80200348        0     1                 
        80200350         80200350        0     1                 
        80200356         80200356        0     1                 
        80200356         80200356        0     1                 
        8020035a         8020035a        0     1                 
        8020035c         8020035c        0     1                 
        80200360         80200360        0     1                 
        80200364         80200364        0     1                 
        80200368         80200368        0     1                 
        80200368         80200368        0     1                 
        8020036c         8020036c        0     1                 
        80200370         80200370        0     1                 
        80200370         80200370        0     1                 .LBB2_26
        80200370         80200370        0     1                 
        80200372         80200372        0     1                 .LBB2_27
        80200372         80200372        0     1                 
        8020037e         8020037e        0     1                 
        8020038c         8020038c        0     1                 
        8020038c         8020038c        0     1                 
        8020038e         8020038e        0     1                 
        8020038e         8020038e        0     1                 .LBB2_28
        8020038e         8020038e        0     1                 
        802003a2         802003a2        0     1                 
        802003a2         802003a2        0     1                 
        802003a4         802003a4        0     1                 
        802003a8         802003a8        0     1                 .LBB2_29
        802003a8         802003a8        0     1                 
        802003ac         802003ac        0     1                 
        802003ac         802003ac        0     1                 
        802003b0         802003b0        0     1                 
        802003c4         802003c4        0     1                 
        802003c4         802003c4        0     1                 
        802003c6         802003c6        0     1                 .LBB2_31
        802003c6         802003c6        0     1                 
        802003c6         802003c6        0     1                 
        802003ca         802003ca        0     1                 
        802003ca         802003ca        0     1                 
        802003cc         802003cc        0     1                 .LBB2_32
        802003cc         802003cc        0     1                 
        802003cc         802003cc        0     1                 
        802003d4         802003d4        0     1                 
        802003dc         802003dc        0     1                 
        802003e6         802003e6        0     1                 
        802003e6         802003e6        0     1                 
        802003e8         802003e8        0     1                 
        802003e8         802003e8        0     1                 
        802003f2         802003f2        0     1                 
        802003f2         802003f2        0     1                 .LBB2_35
        802003f2         802003f2        0     1                 
        802003fa         802003fa        0     1                 
        80200400         80200400        0     1                 
        80200400         80200400        0     1                 
        80200408         80200408        0     1                 
        8020040e         8020040e        0     1                 
        8020040e         8020040e        0     1                 
        80200412         80200412        0     1                 
        80200414         80200414        0     1                 
        80200418         80200418        0     1                 
        8020041c         8020041c        0     1                 
        80200420         80200420        0     1                 
        80200420         80200420        0     1                 
        80200424         80200424        0     1                 
        80200428         80200428        0     1                 
        80200428         80200428        0     1                 .LBB2_38
        80200428         80200428        0     1                 
        8020042a         8020042a        0     1                 .LBB2_39
        8020042a         8020042a        0     1                 
        80200436         80200436        0     1                 
        80200444         80200444        0     1                 
        80200444         80200444        0     1                 
        80200446         80200446        0     1                 
        80200446         80200446        0     1                 .LBB2_40
        80200446         80200446        0     1                 
        8020045a         8020045a        0     1                 
        8020045a         8020045a        0     1                 
        8020045c         8020045c        0     1                 
        80200460         80200460        0     1                 .LBB2_41
        80200460         80200460        0     1                 
        80200464         80200464        0     1                 
        80200464         80200464        0     1                 
        80200468         80200468        0     1                 
        8020047c         8020047c        0     1                 
        8020047c         8020047c        0     1                 
        8020047e         8020047e        0     1                 .LBB2_43
        8020047e         8020047e        0     1                 
        8020047e         8020047e        0     1                 
        80200486         80200486        0     1                 
        8020048e         8020048e        0     1                 
        8020048e         8020048e        0     1                 
        80200498         80200498        0     1                 .LBB2_44
        80200498         80200498        0     1                 
        80200498         80200498        0     1                 
        802004a0         802004a0        0     1                 
        802004ae         802004ae        0     1                 
        802004ae         802004ae        0     1                 
        802004b0         802004b0        0     1                 
        802004b0         802004b0        0     1                 .LBB2_46
        802004b8         802004b8        0     1                 
        802004be         802004be        0     1                 
        802004be         802004be        0     1                 
        802004c6         802004c6        0     1                 
        802004cc         802004cc        0     1                 
        802004d0         802004d0        0     1                 
        802004d0         802004d0        0     1                 
        802004d2         802004d2        0     1                 
        802004d2         802004d2        0     1                 
        802004da         802004da        0     1                 
        802004e2         802004e2        0     1                 
        802004e2         802004e2        0     1                 
        802004e6         802004e6        0     1                 
        802004ea         802004ea        0     1                 
        802004ec         802004ec        0     1                 .LBB2_49
        802004ec         802004ec        0     1                 
        80200508         80200508        0     1                 
        80200508         80200508        0     1                 .LBB2_50
        80200508         80200508        0     1                 
        8020051c         8020051c        0     1                 
        8020051c         8020051c        0     1                 
        8020051e         8020051e        0     1                 
        80200522         80200522        0     1                 .LBB2_51
        80200522         80200522        0     1                 
        80200526         80200526        0     1                 
        80200526         80200526        0     1                 
        8020052a         8020052a        0     1                 
        8020053e         8020053e        0     1                 
        8020053e         8020053e        0     1                 
        80200540         80200540        0     1                 .LBB2_53
        80200540         80200540        0     1                 
        80200540         80200540        0     1                 
        80200544         80200544        0     1                 
        80200548         80200548        0     1                 
        8020054c         8020054c        0     1                 
        80200550         80200550        0     1                 
        80200550         80200550        0     1                 
        8020055a         8020055a        0     1                 .LBB2_54
        8020055a         8020055a        0     1                 
        8020055a         8020055a        0     1                 
        8020056a         8020056a        0     1                 
        80200576         80200576        0     1                 
        80200576         80200576        0     1                 
        80200578         80200578        0     1                 
        80200578         80200578        0     1                 .LBB2_57
        80200580         80200580        0     1                 
        80200586         80200586        0     1                 
        80200586         80200586        0     1                 
        8020058e         8020058e        0     1                 
        80200594         80200594        0     1                 
        80200598         80200598        0     1                 
        80200598         80200598        0     1                 
        8020059a         8020059a        0     1                 
        8020059a         8020059a        0     1                 
        802005a2         802005a2        0     1                 
        802005aa         802005aa        0     1                 
        802005aa         802005aa        0     1                 
        802005ae         802005ae        0     1                 
        802005b2         802005b2        0     1                 
        802005b4         802005b4        0     1                 .LBB2_60
        802005b4         802005b4        0     1                 
        802005ce         802005ce        0     1                 
        802005ce         802005ce        0     1                 
        802005d0         802005d0        0     1                 
        802005d0         802005d0        0     1                 .LBB2_61
        802005d0         802005d0        0     1                 
        802005e4         802005e4        0     1                 
        802005e4         802005e4        0     1                 
        802005e6         802005e6        0     1                 
        802005ea         802005ea        0     1                 .LBB2_62
        802005ea         802005ea        0     1                 
        802005ee         802005ee        0     1                 
        802005ee         802005ee        0     1                 
        802005f2         802005f2        0     1                 
        80200606         80200606        0     1                 
        80200606         80200606        0     1                 
        80200608         80200608        0     1                 .LBB2_64
        80200608         80200608        0     1                 
        80200608         80200608        0     1                 
        8020060c         8020060c        0     1                 
        8020060c         8020060c        0     1                 
        8020060e         8020060e        0     1                 .LBB2_65
        8020060e         8020060e        0     1                 
        8020060e         8020060e        0     1                 
        80200612         80200612        0     1                 
        80200616         80200616        0     1                 
        8020061a         8020061a        0     1                 
        8020061e         8020061e        0     1                 
        8020061e         8020061e        0     1                 
        80200628         80200628        0     1                 .LBB2_66
        80200628         80200628        0     1                 
        80200628         80200628        0     1                 
        80200634         80200634        0     1                 
        80200638         80200638        0     1                 
        80200644         80200644        0     1                 
        80200644         80200644        0     1                 
        80200646         80200646        0     1                 
        80200646         80200646        0     1                 .LBB2_68
        8020064e         8020064e        0     1                 
        80200654         80200654        0     1                 
        80200654         80200654        0     1                 
        8020065c         8020065c        0     1                 
        80200662         80200662        0     1                 
        80200666         80200666        0     1                 
        80200666         80200666        0     1                 
        80200668         80200668        0     1                 
        80200668         80200668        0     1                 
        80200670         80200670        0     1                 
        80200678         80200678        0     1                 
        80200678         80200678        0     1                 
        8020067c         8020067c        0     1                 
        80200680         80200680        0     1                 
        80200682         80200682        0     1                 .LBB2_71
        80200682         80200682        0     1                 
        8020069c         8020069c        0     1                 
        8020069c         8020069c        0     1                 
        8020069e         8020069e        0     1                 
        8020069e         8020069e        0     1                 .LBB2_72
        8020069e         8020069e        0     1                 
        802006b2         802006b2        0     1                 
        802006b2         802006b2        0     1                 
        802006b4         802006b4        0     1                 
        802006b8         802006b8        0     1                 .LBB2_73
        802006b8         802006b8        0     1                 
        802006bc         802006bc        0     1                 
        802006bc         802006bc        0     1                 
        802006c0         802006c0        0     1                 
        802006d4         802006d4        0     1                 
        802006d4         802006d4        0     1                 
        802006d6         802006d6        0     1                 .LBB2_75
        802006d6         802006d6        0     1                 
        802006d6         802006d6        0     1                 
        802006de         802006de        0     1                 
        802006ec         802006ec        0     1                 
        802006ec         802006ec        0     1                 .LBB2_77
        802006ec         802006ec        0     1                 
        802006ee         802006ee        0     1                 
        802006ee         802006ee        0     1                 
        802006f2         802006f2        0     1                 
        802006f8         802006f8        0     1                 
        802006fa         802006fa        0     1                 
        802006fa         802006fa        0     1                 
        802006fe         802006fe        0     1                 
        80200700         80200700        0     1                 
        80200704         80200704        0     1                 
        80200708         80200708        0     1                 
        80200708         80200708        0     1                 .LBB2_78
        80200708         80200708        0     1                 
        8020071c         8020071c        0     1                 
        8020071c         8020071c        0     1                 
        80200722         80200722        0     1                 
        80200728         80200728        0     1                 .LBB2_79
        80200728         80200728        0     1                 
        80200730         80200730        0     1                 
        80200730         80200730        0     1                 
        80200734         80200734        0     1                 
        80200748         80200748        0     1                 
        80200748         80200748        0     1                 
        8020074a         8020074a        0     1                 .LBB2_81
        8020074a         8020074a        0     1                 
        8020074a         8020074a        0     1                 
        8020075a         8020075a        0     1                 
        80200766         80200766        0     1                 
        80200766         80200766        0     1                 .LBB2_84
        80200766         80200766        0     1                 
        80200768         80200768        0     1                 
        80200768         80200768        0     1                 
        8020076c         8020076c        0     1                 
        80200772         80200772        0     1                 
        80200774         80200774        0     1                 
        80200774         80200774        0     1                 
        80200778         80200778        0     1                 
        8020077a         8020077a        0     1                 
        8020077e         8020077e        0     1                 
        80200782         80200782        0     1                 
        80200782         80200782        0     1                 .LBB2_85
        80200782         80200782        0     1                 
        80200796         80200796        0     1                 
        80200796         80200796        0     1                 
        8020079c         8020079c        0     1                 
        802007a2         802007a2        0     1                 .LBB2_86
        802007a2         802007a2        0     1                 
        802007aa         802007aa        0     1                 
        802007aa         802007aa        0     1                 
        802007ae         802007ae        0     1                 
        802007c2         802007c2        0     1                 
        802007c2         802007c2        0     1                 
        802007c4         802007c4        0     1                 .LBB2_88
        802007c4         802007c4        0     1                 
        802007c6         802007c6        0     1                 
        802007c6         802007c6        0     1                 
        802007c8         802007c8        0     1                 
        802007ca         802007ca        0     1                 .LBB2_89
        802007ca         802007ca        0     1                 
        802007ca         802007ca        0     1                 
        802007ce         802007ce        0     1                 
        802007ce         802007ce        0     1                 
        802007d0         802007d0        0     1                 .LBB2_90
        802007d0         802007d0        0     1                 
        802007d8         802007d8        0     1                 
        802007dc         802007dc        0     1                 
        802007e8         802007e8        0     1                 
        802007e8         802007e8        0     1                 .LBB2_92
        802007e8         802007e8        0     1                 
        802007ea         802007ea        0     1                 
        802007ea         802007ea        0     1                 
        802007ee         802007ee        0     1                 
        802007f4         802007f4        0     1                 
        802007f6         802007f6        0     1                 
        802007f6         802007f6        0     1                 
        802007fa         802007fa        0     1                 
        802007fc         802007fc        0     1                 
        80200800         80200800        0     1                 
        80200804         80200804        0     1                 
        80200804         80200804        0     1                 .LBB2_93
        80200804         80200804        0     1                 
        80200818         80200818        0     1                 
        80200818         80200818        0     1                 
        8020081e         8020081e        0     1                 
        80200824         80200824        0     1                 .LBB2_94
        80200824         80200824        0     1                 
        8020082c         8020082c        0     1                 
        8020082c         8020082c        0     1                 
        80200830         80200830        0     1                 
        80200844         80200844        0     1                 
        80200844         80200844        0     1                 
        80200846         80200846        0     1                 .LBB2_96
        80200846         80200846        0     1                 
        80200848         80200848        0     1                 
        80200848         80200848        0     1                 
        8020084a         8020084a        0     1                 
        8020084c         8020084c        0     1                 .LBB2_97
        8020084c         8020084c        0     1                 
        8020084c         8020084c        0     1                 
        80200860         80200860        0     1                 
        8020086e         8020086e        0     1                 .LBB2_101
        8020086e         8020086e        0     1                 
        8020087e         8020087e        0     1                 
        80200888         80200888        0     1                 
        8020088c         8020088c        0     1                 
        8020088c         8020088c        0     1                 
        80200890         80200890        0     1                 
        80200890         80200890        0     1                 
        80200892         80200892        0     1                 .LBB2_104
        80200892         80200892        0     1                 
        80200892         80200892        0     1                 
        8020089c         8020089c        0     1                 
        802008a8         802008a8        0     1                 
        802008a8         802008a8        0     1                 
        802008aa         802008aa        0     1                 .LBB2_105
        802008aa         802008aa        0     1                 
        802008ae         802008ae        0     1                 
        802008ae         802008ae        0     1                 
        802008b2         802008b2        0     1                 
        802008b2         802008b2        0     1                 
        802008b4         802008b4        0     1                 .LBB2_106
        802008b4         802008b4        0     1                 
        802008b4         802008b4        0     1                 
        802008be         802008be        0     1                 
        802008ca         802008ca        0     1                 
        802008ca         802008ca        0     1                 
        802008ce         802008ce        0     1                 
        802008ce         802008ce        0     1                 
        802008d0         802008d0        0     1                 .LBB2_107
        802008d0         802008d0        0     1                 
        802008d0         802008d0        0     1                 
        802008dc         802008dc        0     1                 
        802008dc         802008dc        0     1                 
        802008e0         802008e0        0     1                 .Lpcrel_hi1
        802008e0         802008e0        0     1                 
        802008ea         802008ea        0     1                 
        802008ea         802008ea        0     1                 .LBB2_109
        802008ea         802008ea        0     1                 
        802008fe         802008fe        0     1                 
        802008fe         802008fe        0     1                 .LBB2_110
        802008fe         802008fe        0     1                 
        80200912         80200912        0     1                 
        80200912         80200912        0     1                 
        80200914         80200914        0     1                 .LBB2_111
        80200914         80200914        0     1                 
        80200918         80200918        0     1                 
        8020091e         8020091e        0     1                 
        80200922         80200922        0     1                 
        80200922         80200922        0     1                 
        80200924         80200924        0     1                 .LBB2_114
        80200924         80200924        0     1                 
        80200924         80200924        0     1                 
        80200934         80200934        0     1                 
        80200934         80200934        0     1                 
        80200940         80200940        0     1                 
        80200944         80200944       70     1                 printptr
        80200944         80200944        0     1                 
        80200944         80200944        0     1                 
        80200944         80200944        0     1                 
        80200944         80200944        0     1                 
        80200944         80200944        0     1                 
        80200950         80200950        0     1                 
        80200950         80200950        0     1                 
        80200966         80200966        0     1                 
        80200966         80200966        0     1                 
        8020097c         8020097c        0     1                 
        8020097c         8020097c        0     1                 
        8020097e         8020097e        0     1                 
        8020097e         8020097e        0     1                 .Lpcrel_hi2
        80200986         80200986        0     1                 
        80200986         80200986        0     1                 .LBB3_1
        80200986         80200986        0     1                 
        8020098a         8020098a        0     1                 
        80200990         80200990        0     1                 
        80200990         80200990        0     1                 
        802009a2         802009a2        0     1                 
        802009a2         802009a2        0     1                 
        802009a4         802009a4        0     1                 
        802009a4         802009a4        0     1                 
        802009a6         802009a6        0     1                 
        802009a8         802009a8        0     1                 
        802009ac         802009ac        0     1                 
        802009b0         802009b0        0     1                 
        802009b4         802009b4        0     1                 
        802009b4         802009b4        0     1                 
        802009b4         802009b4        0     1                 
        802009b4         802009b4        0     1                 
        802009b4         802009b4        0     1                 
        802009b4         802009b4       16     1                 memset
        802009b6         802009b6        0     1                 
        802009b8         802009b8        0     1                 
        802009ba         802009ba        0     1                 
        802009be         802009be        0     1                 
        802009be         802009be        0     1                 .LBB4_2
        802009be         802009be        0     1                 
        802009c2         802009c2        0     1                 
        802009c2         802009c2        0     1                 
        802009c4         802009c4        0     1                 
        802009c4         802009c4        0     1                 
        802009c8         802009c8        0     1                 .LBB4_3
        802009c8         802009c8        0     1                 
        802009ca         802009ca        0     1                 
        802009ca         802009ca        0     1                 
        802009ca         802009ca        0     1                 
        802009ca         802009ca        0     1                 
        802009ca         802009ca        0     1                 
        802009ca         802009ca       24     1                 memcpy
        802009ce         802009ce        0     1                 
        802009d8         802009d8        0     1                 
        802009d8         802009d8        0     1                 .LBB5_2
        802009d8         802009d8        0     1                 
        802009dc         802009dc        0     1                 
        802009de         802009de        0     1                 
        802009e2         802009e2        0     1                 
        802009e2         802009e2        0     1                 
        802009e6         802009e6        0     1                 
        802009e8         802009e8        0     1                 
        802009e8         802009e8        0     1                 
        802009ec         802009ec        0     1                 .LBB5_3
        802009ec         802009ec        0     1                 
        802009ec         802009ec        0     1                 
        802009ee         802009ee        0     1                 
        802009ee         802009ee        0     1                 
        802009ee         802009ee        0     1                 
        802009ee         802009ee        0     1                 
        802009ee         802009ee        0     1                 
        802009ee         802009ee       5a     1                 memmove
        802009f2         802009f2        0     1                 
        802009f2         802009f2        0     1                 
        80200a00         80200a00        0     1                 
        80200a00         80200a00        0     1                 .LBB6_3
        80200a00         80200a00        0     1                 
        80200a04         80200a04        0     1                 
        80200a06         80200a06        0     1                 
        80200a0a         80200a0a        0     1                 
        80200a0a         80200a0a        0     1                 
        80200a0e         80200a0e        0     1                 
        80200a10         80200a10        0     1                 
        80200a10         80200a10        0     1                 
        80200a16         80200a16        0     1                 .LBB6_4
        80200a16         80200a16        0     1                 
        80200a16         80200a16        0     1                 
        80200a18         80200a18        0     1                 
        80200a20         80200a20        0     1                 
        80200a20         80200a20        0     1                 
        80200a32         80200a32        0     1                 
        80200a36         80200a36        0     1                 
        80200a36         80200a36        0     1                 .LBB6_6
        80200a36         80200a36        0     1                 
        80200a3a         80200a3a        0     1                 
        80200a3e         80200a3e        0     1                 
        80200a3e         80200a3e        0     1                 
        80200a40         80200a40        0     1                 
        80200a42         80200a42        0     1                 
        80200a46         80200a46        0     1                 .LBB6_7
        80200a46         80200a46        0     1                 
        80200a48         80200a48        0     1                 
        80200a48         80200a48        0     1                 
        80200a48         80200a48        0     1                 
        80200a48         80200a48        0     1                 
        80200a48         80200a48        0     1                 
        80200a48         80200a48       14     1                 panic
        80200a4e         80200a4e        0     1                 
        80200a4e         80200a4e        0     1                 .Lpcrel_hi3
        80200a4e         80200a4e        0     1                 
        80200a5a         80200a5a        0     1                 
        80200a5a         80200a5a        0     1                 .LBB7_1
        80200a5a         80200a5a        0     1                 
        80200a5c         80200a5c        0     1                 
        80200a5c         80200a5c        0     1                 
        80200a5c         80200a5c       16     2         /tmp/HAL-3b087d.o:(.text)
        80200a5c         80200a5c        0     1                 
        80200a5c         80200a5c        0     1                 
        80200a5c         80200a5c        0     1                 $x.0
        80200a5c         80200a5c        0     1                 
        80200a5c         80200a5c        6     1                 sbi_call
        80200a60         80200a60        0     1                 
        80200a62         80200a62        0     1                 
        80200a62         80200a62        0     1                 
        80200a62         80200a62        0     1                 
        80200a62         80200a62       10     1                 sbi_set_timer
        80200a6a         80200a6a        0     1                 
        80200a70         80200a70        0     1                 
        80200a72         80200a72        0     1                 
        80200a72         80200a72      1b4     2         /tmp/kalloc-f2b687.o:(.text)
        80200a72         80200a72        0     1                 
        80200a72         80200a72        0     1                 
        80200a72         80200a72        0     1                 $x.0
        80200a72         80200a72        0     1                 
        80200a72         80200a72       98     1                 kinit
        80200a84         80200a84        0     1                 .Lpcrel_hi0
        80200a84         80200a84        0     1                 
        80200a8c         80200a8c        0     1                 
        80200a8c         80200a8c        0     1                 
        80200a92         80200a92        0     1                 
        80200a98         80200a98        0     1                 
        80200a98         80200a98        0     1                 
        80200aa0         80200aa0        0     1                 
        80200aa4         80200aa4        0     1                 
        80200aa6         80200aa6        0     1                 .Lpcrel_hi1
        80200aae         80200aae        0     1                 .LBB0_2
        80200ab2         80200ab2        0     1                 
        80200ab2         80200ab2        0     1                 
        80200aba         80200aba        0     1                 
        80200ac4         80200ac4        0     1                 
        80200ac4         80200ac4        0     1                 
        80200ac8         80200ac8        0     1                 
        80200aca         80200aca        0     1                 
        80200aca         80200aca        0     1                 
        80200ad2         80200ad2        0     1                 
        80200ad2         80200ad2        0     1                 
        80200ad6         80200ad6        0     1                 
        80200ad6         80200ad6        0     1                 
        80200ad8         80200ad8        0     1                 
        80200ad8         80200ad8        0     1                 
        80200adc         80200adc        0     1                 .LBB0_5
        80200adc         80200adc        0     1                 
        80200adc         80200adc        0     1                 
        80200aec         80200aec        0     1                 
        80200af0         80200af0        0     1                 .LBB0_6
        80200af0         80200af0        0     1                 
        80200af0         80200af0        0     1                 .Lpcrel_hi2
        80200af0         80200af0        0     1                 
        80200af8         80200af8        0     1                 .Lpcrel_hi3
        80200b08         80200b08        0     1                 
        80200b08         80200b08        0     1                 .LBB0_7
        80200b0a         80200b0a        0     1                 
        80200b0a         80200b0a        0     1                 
        80200b0a         80200b0a        0     1                 
        80200b0a         80200b0a        0     1                 
        80200b0a         80200b0a        0     1                 
        80200b0a         80200b0a        0     1                 
        80200b0a         80200b0a       94     1                 freerange
        80200b22         80200b22        0     1                 
        80200b24         80200b24        0     1                 
        80200b24         80200b24        0     1                 
        80200b26         80200b26        0     1                 
        80200b28         80200b28        0     1                 
        80200b28         80200b28        0     1                 
        80200b2c         80200b2c        0     1                 
        80200b30         80200b30        0     1                 
        80200b32         80200b32        0     1                 
        80200b34         80200b34        0     1                 .Lpcrel_hi4
        80200b3c         80200b3c        0     1                 .Lpcrel_hi5
        80200b42         80200b42        0     1                 .LBB1_2
        80200b46         80200b46        0     1                 
        80200b46         80200b46        0     1                 
        80200b4e         80200b4e        0     1                 
        80200b58         80200b58        0     1                 
        80200b58         80200b58        0     1                 
        80200b5c         80200b5c        0     1                 
        80200b5e         80200b5e        0     1                 
        80200b5e         80200b5e        0     1                 
        80200b66         80200b66        0     1                 
        80200b66         80200b66        0     1                 
        80200b6a         80200b6a        0     1                 
        80200b6a         80200b6a        0     1                 
        80200b6c         80200b6c        0     1                 
        80200b6c         80200b6c        0     1                 
        80200b70         80200b70        0     1                 .LBB1_5
        80200b70         80200b70        0     1                 
        80200b70         80200b70        0     1                 
        80200b80         80200b80        0     1                 
        80200b84         80200b84        0     1                 .LBB1_6
        80200b84         80200b84        0     1                 
        80200b84         80200b84        0     1                 .Lpcrel_hi6
        80200b84         80200b84        0     1                 
        80200b8c         80200b8c        0     1                 .Lpcrel_hi7
        80200b9c         80200b9c        0     1                 
        80200b9c         80200b9c        0     1                 .LBB1_7
        80200b9e         80200b9e        0     1                 
        80200b9e         80200b9e        0     1                 
        80200b9e         80200b9e        0     1                 
        80200b9e         80200b9e        0     1                 
        80200b9e         80200b9e        0     1                 
        80200b9e         80200b9e        0     1                 
        80200b9e         80200b9e       5e     1                 kfree
        80200baa         80200baa        0     1                 
        80200bae         80200bae        0     1                 .Lpcrel_hi8
        80200bae         80200bae        0     1                 
        80200bb6         80200bb6        0     1                 
        80200bba         80200bba        0     1                 
        80200bc0         80200bc0        0     1                 
        80200bc2         80200bc2        0     1                 
        80200bcc         80200bcc        0     1                 
        80200bcc         80200bcc        0     1                 .Lpcrel_hi11
        80200bcc         80200bcc        0     1                 
        80200bd4         80200bd4        0     1                 
        80200bd6         80200bd6        0     1                 
        80200bde         80200bde        0     1                 
        80200bde         80200bde        0     1                 
        80200be2         80200be2        0     1                 .LBB2_4
        80200be2         80200be2        0     1                 
        80200be2         80200be2        0     1                 .Lpcrel_hi9
        80200be2         80200be2        0     1                 
        80200be6         80200be6        0     1                 
        80200bea         80200bea        0     1                 .Lpcrel_hi10
        80200bfa         80200bfa        0     1                 
        80200bfa         80200bfa        0     1                 .LBB2_5
        80200bfc         80200bfc        0     1                 
        80200bfc         80200bfc        0     1                 
        80200bfc         80200bfc        0     1                 
        80200bfc         80200bfc        0     1                 
        80200bfc         80200bfc        0     1                 
        80200bfc         80200bfc       2a     1                 kalloc
        80200c02         80200c02        0     1                 .Lpcrel_hi12
        80200c02         80200c02        0     1                 
        80200c0a         80200c0a        0     1                 
        80200c0a         80200c0a        0     1                 
        80200c0c         80200c0c        0     1                 
        80200c0e         80200c0e        0     1                 
        80200c12         80200c12        0     1                 
        80200c1c         80200c1c        0     1                 .LBB3_2
        80200c1c         80200c1c        0     1                 
        80200c1c         80200c1c        0     1                 
        80200c22         80200c22        0     1                 
        80200c22         80200c22        0     1                 
        80200c26         80200c26        0     1                 
        80200c26         80200c26        0     1                 
        80200c26         80200c26      814     2         /tmp/vm-323131.o:(.text)
        80200c26         80200c26        0     1                 
        80200c26         80200c26        0     1                 
        80200c26         80200c26        0     1                 $x.0
        80200c26         80200c26        0     1                 
        80200c26         80200c26       ea     1                 kvmmake
        80200c2e         80200c2e        0     1                 
        80200c32         80200c32        0     1                 
        80200c34         80200c34        0     1                 
        80200c34         80200c34        0     1                 
        80200c3c         80200c3c        0     1                 
        80200c3c         80200c3c        0     1                 .Lpcrel_hi0
        80200c3c         80200c3c        0     1                 
        80200c4a         80200c4a        0     1                 
        80200c4a         80200c4a        0     1                 
        80200c4e         80200c4e        0     1                 
        80200c58         80200c58        0     1                 
        80200c58         80200c58        0     1                 
        80200c5a         80200c5a        0     1                 
        80200c5a         80200c5a        0     1                 
        80200c5e         80200c5e        0     1                 
        80200c5e         80200c5e        0     1                 
        80200c62         80200c62        0     1                 
        80200c6e         80200c6e        0     1                 
        80200c6e         80200c6e        0     1                 
        80200c70         80200c70        0     1                 
        80200c70         80200c70        0     1                 
        80200c7a         80200c7a        0     1                 
        80200c7a         80200c7a        0     1                 
        80200c82         80200c82        0     1                 
        80200c82         80200c82        0     1                 
        80200c84         80200c84        0     1                 
        80200c8a         80200c8a        0     1                 
        80200c8c         80200c8c        0     1                 .Lpcrel_hi5
        80200c8c         80200c8c        0     1                 
        80200c98         80200c98        0     1                 
        80200c9c         80200c9c        0     1                 
        80200c9e         80200c9e        0     1                 
        80200c9e         80200c9e        0     1                 
        80200ca2         80200ca2        0     1                 
        80200ca8         80200ca8        0     1                 
        80200ca8         80200ca8        0     1                 
        80200cb0         80200cb0        0     1                 
        80200cb0         80200cb0        0     1                 
        80200cb2         80200cb2        0     1                 
        80200cb2         80200cb2        0     1                 
        80200cb8         80200cb8        0     1                 
        80200cba         80200cba        0     1                 
        80200cbc         80200cbc        0     1                 
        80200cbc         80200cbc        0     1                 
        80200cbe         80200cbe        0     1                 
        80200cbe         80200cbe        0     1                 
        80200cc2         80200cc2        0     1                 
        80200cc4         80200cc4        0     1                 
        80200cc8         80200cc8        0     1                 .LBB0_7
        80200cc8         80200cc8        0     1                 
        80200cc8         80200cc8        0     1                 .Lpcrel_hi1
        80200cc8         80200cc8        0     1                 
        80200cd4         80200cd4        0     1                 .LBB0_8
        80200cd4         80200cd4        0     1                 
        80200cd4         80200cd4        0     1                 .Lpcrel_hi2
        80200cd4         80200cd4        0     1                 
        80200ce0         80200ce0        0     1                 .LBB0_9
        80200ce0         80200ce0        0     1                 
        80200ce0         80200ce0        0     1                 .Lpcrel_hi4
        80200ce0         80200ce0        0     1                 
        80200cec         80200cec        0     1                 .LBB0_10
        80200cec         80200cec        0     1                 
        80200cec         80200cec        0     1                 .Lpcrel_hi3
        80200cec         80200cec        0     1                 
        80200cf0         80200cf0        0     1                 
        80200cf8         80200cf8        0     1                 .LBB0_11
        80200cf8         80200cf8        0     1                 
        80200cf8         80200cf8        0     1                 .Lpcrel_hi7
        80200cf8         80200cf8        0     1                 
        80200d04         80200d04        0     1                 .LBB0_12
        80200d04         80200d04        0     1                 
        80200d04         80200d04        0     1                 .Lpcrel_hi6
        80200d04         80200d04        0     1                 
        80200d08         80200d08        0     1                 
        80200d10         80200d10        0     1                 
        80200d10         80200d10        0     1                 
        80200d10         80200d10        0     1                 
        80200d10         80200d10        0     1                 
        80200d10         80200d10        0     1                 
        80200d10         80200d10        0     1                 
        80200d10         80200d10       22     1                 kvmmap
        80200d16         80200d16        0     1                 
        80200d16         80200d16        0     1                 
        80200d18         80200d18        0     1                 
        80200d1a         80200d1a        0     1                 
        80200d1e         80200d1e        0     1                 
        80200d1e         80200d1e        0     1                 
        80200d20         80200d20        0     1                 
        80200d22         80200d22        0     1                 
        80200d26         80200d26        0     1                 .LBB1_2
        80200d26         80200d26        0     1                 .Lpcrel_hi8
        80200d26         80200d26        0     1                 
        80200d32         80200d32        0     1                 
        80200d32         80200d32        0     1                 
        80200d32         80200d32        0     1                 
        80200d32         80200d32        0     1                 
        80200d32         80200d32        0     1                 
        80200d32         80200d32        0     1                 
        80200d32         80200d32       c6     1                 mappages
        80200d48         80200d48        0     1                 
        80200d48         80200d48        0     1                 
        80200d4c         80200d4c        0     1                 
        80200d4e         80200d4e        0     1                 
        80200d50         80200d50        0     1                 
        80200d54         80200d54        0     1                 
        80200d56         80200d56        0     1                 
        80200d58         80200d58        0     1                 
        80200d5a         80200d5a        0     1                 
        80200d5c         80200d5c        0     1                 
        80200d5e         80200d5e        0     1                 
        80200d5e         80200d5e        0     1                 
        80200d68         80200d68        0     1                 
        80200d68         80200d68        0     1                 
        80200d6a         80200d6a        0     1                 
        80200d6a         80200d6a        0     1                 
        80200d6c         80200d6c        0     1                 
        80200d70         80200d70        0     1                 
        80200d70         80200d70        0     1                 
        80200d7e         80200d7e        0     1                 
        80200d7e         80200d7e        0     1                 .LBB2_5
        80200d7e         80200d7e        0     1                 
        80200d84         80200d84        0     1                 
        80200d86         80200d86        0     1                 
        80200d8c         80200d8c        0     1                 
        80200d90         80200d90        0     1                 
        80200d92         80200d92        0     1                 
        80200d94         80200d94        0     1                 
        80200d96         80200d96        0     1                 
        80200d9a         80200d9a        0     1                 
        80200da0         80200da0        0     1                 
        80200da0         80200da0        0     1                 
        80200dae         80200dae        0     1                 .LBB2_8
        80200dae         80200dae        0     1                 
        80200db0         80200db0        0     1                 .LBB2_9
        80200db0         80200db0        0     1                 
        80200db0         80200db0        0     1                 
        80200db2         80200db2        0     1                 
        80200db2         80200db2        0     1                 
        80200dbc         80200dbc        0     1                 
        80200dc0         80200dc0        0     1                 
        80200dc4         80200dc4        0     1                 
        80200dc8         80200dc8        0     1                 .LBB2_10
        80200dc8         80200dc8        0     1                 
        80200dc8         80200dc8        0     1                 .Lpcrel_hi12
        80200dc8         80200dc8        0     1                 
        80200dcc         80200dcc        0     1                 
        80200dd4         80200dd4        0     1                 .LBB2_11
        80200dd4         80200dd4        0     1                 
        80200dd4         80200dd4        0     1                 .Lpcrel_hi9
        80200dd4         80200dd4        0     1                 
        80200dd8         80200dd8        0     1                 
        80200de0         80200de0        0     1                 .LBB2_12
        80200de0         80200de0        0     1                 
        80200de0         80200de0        0     1                 .Lpcrel_hi10
        80200de0         80200de0        0     1                 
        80200dec         80200dec        0     1                 .LBB2_13
        80200dec         80200dec        0     1                 
        80200dec         80200dec        0     1                 .Lpcrel_hi11
        80200dec         80200dec        0     1                 
        80200df8         80200df8        0     1                 
        80200df8         80200df8        0     1                 
        80200df8         80200df8        0     1                 
        80200df8         80200df8        0     1                 
        80200df8         80200df8        0     1                 
        80200df8         80200df8        0     1                 
        80200df8         80200df8       16     1                 kvminit
        80200dfc         80200dfc        0     1                 
        80200e00         80200e00        0     1                 
        80200e00         80200e00        0     1                 .Lpcrel_hi13
        80200e00         80200e00        0     1                 
        80200e0a         80200e0a        0     1                 
        80200e0e         80200e0e        0     1                 
        80200e0e         80200e0e        0     1                 
        80200e0e         80200e0e        0     1                 
        80200e0e         80200e0e        0     1                 
        80200e0e         80200e0e        0     1                 
        80200e0e         80200e0e       1e     1                 kvminithart
        80200e12         80200e12        0     1                 .Lpcrel_hi14
        80200e12         80200e12        0     1                 
        80200e22         80200e22        0     1                 
        80200e22         80200e22        0     1                 
        80200e26         80200e26        0     1                 
        80200e26         80200e26        0     1                 
        80200e2a         80200e2a        0     1                 
        80200e2c         80200e2c        0     1                 
        80200e2c         80200e2c        0     1                 
        80200e2c         80200e2c        0     1                 
        80200e2c         80200e2c        0     1                 
        80200e2c         80200e2c        0     1                 
        80200e2c         80200e2c       c4     1                 walk
        80200e3a         80200e3a        0     1                 
        80200e3a         80200e3a        0     1                 
        80200e3c         80200e3c        0     1                 
        80200e3e         80200e3e        0     1                 
        80200e3e         80200e3e        0     1                 
        80200e48         80200e48        0     1                 
        80200e48         80200e48        0     1                 
        80200e4a         80200e4a        0     1                 
        80200e4a         80200e4a        0     1                 
        80200e4e         80200e4e        0     1                 
        80200e50         80200e50        0     1                 
        80200e52         80200e52        0     1                 
        80200e56         80200e56        0     1                 
        80200e56         80200e56        0     1                 
        80200e58         80200e58        0     1                 
        80200e64         80200e64        0     1                 
        80200e64         80200e64        0     1                 
        80200e6a         80200e6a        0     1                 
        80200e6c         80200e6c        0     1                 
        80200e6e         80200e6e        0     1                 
        80200e6e         80200e6e        0     1                 
        80200e7a         80200e7a        0     1                 
        80200e7a         80200e7a        0     1                 
        80200e7e         80200e7e        0     1                 
        80200e82         80200e82        0     1                 
        80200e86         80200e86        0     1                 .LBB5_5
        80200e86         80200e86        0     1                 
        80200e86         80200e86        0     1                 
        80200e8a         80200e8a        0     1                 
        80200e8a         80200e8a        0     1                 
        80200e98         80200e98        0     1                 
        80200e98         80200e98        0     1                 
        80200e9c         80200e9c        0     1                 
        80200e9c         80200e9c        0     1                 
        80200ea0         80200ea0        0     1                 
        80200ea2         80200ea2        0     1                 
        80200ea4         80200ea4        0     1                 .LBB5_7
        80200ea4         80200ea4        0     1                 
        80200ea4         80200ea4        0     1                 
        80200ea8         80200ea8        0     1                 
        80200ea8         80200ea8        0     1                 
        80200eaa         80200eaa        0     1                 
        80200eac         80200eac        0     1                 
        80200eac         80200eac        0     1                 
        80200eb4         80200eb4        0     1                 
        80200eb4         80200eb4        0     1                 
        80200eba         80200eba        0     1                 
        80200ebc         80200ebc        0     1                 
        80200ec2         80200ec2        0     1                 .LBB5_9
        80200ec2         80200ec2        0     1                 
        80200ec2         80200ec2        0     1                 
        80200ec8         80200ec8        0     1                 .LBB5_10
        80200ec8         80200ec8        0     1                 
        80200ec8         80200ec8        0     1                 
        80200eca         80200eca        0     1                 
        80200ed4         80200ed4        0     1                 .LBB5_11
        80200ed4         80200ed4        0     1                 
        80200ed6         80200ed6        0     1                 .LBB5_12
        80200ed6         80200ed6        0     1                 
        80200ee0         80200ee0        0     1                 
        80200ee4         80200ee4        0     1                 .LBB5_13
        80200ee4         80200ee4        0     1                 
        80200ee4         80200ee4        0     1                 .Lpcrel_hi15
        80200ee4         80200ee4        0     1                 
        80200ee8         80200ee8        0     1                 
        80200ef0         80200ef0        0     1                 
        80200ef0         80200ef0        0     1                 
        80200ef0         80200ef0        0     1                 
        80200ef0         80200ef0        0     1                 
        80200ef0         80200ef0        0     1                 
        80200ef0         80200ef0        0     1                 
        80200ef0         80200ef0       54     1                 walkaddr
        80200ef4         80200ef4        0     1                 
        80200ef6         80200ef6        0     1                 
        80200ef6         80200ef6        0     1                 
        80200efe         80200efe        0     1                 
        80200efe         80200efe        0     1                 
        80200f00         80200f00        0     1                 
        80200f00         80200f00        0     1                 
        80200f04         80200f04        0     1                 
        80200f06         80200f06        0     1                 
        80200f0a         80200f0a        0     1                 
        80200f0a         80200f0a        0     1                 
        80200f16         80200f16        0     1                 
        80200f16         80200f16        0     1                 
        80200f18         80200f18        0     1                 
        80200f18         80200f18        0     1                 
        80200f1c         80200f1c        0     1                 
        80200f1e         80200f1e        0     1                 
        80200f22         80200f22        0     1                 
        80200f22         80200f22        0     1                 
        80200f24         80200f24        0     1                 
        80200f24         80200f24        0     1                 
        80200f26         80200f26        0     1                 
        80200f2e         80200f2e        0     1                 
        80200f2e         80200f2e        0     1                 
[...]
            17a9             17a9        0     1                 
            17df             17df        0     1                 
            1823             1823        0     1                 
            1867             1867        0     1                 
            18a1             18a1        0     1                 
            18dd             18dd        0     1                 
            1921             1921        0     1                 
            1957             1957        0     1                 
            1991             1991        0     1                 
            19cd             19cd        0     1                 
            1a11             1a11        0     1                 
            1a47             1a47        0     1                 
            1a7d             1a7d        0     1                 
            1aa0             1aa0        0     1                 
            1ac3             1ac3        0     1                 
            1b0c             1b0c        0     1                 
            1b42             1b42        0     1                 
            1b65             1b65        0     1                 
            1bd4             1bd4        0     1                 
            1c1d             1c1d        0     1                 
            1c79             1c79        0     1                 
            1ce8             1ce8        0     1                 
            1d31             1d31        0     1                 
            1d5a             1d5a        0     1                 
            1d7d             1d7d        0     1                 
            1dc6             1dc6        0     1                 
            1e5b             1e5b        0     1                 
            1eb7             1eb7        0     1                 
            1f13             1f13        0     1                 
            1f77             1f77        0     1                 
            1fd3             1fd3        0     1                 
            1ff6             1ff6        0     1                 
            2019             2019        0     1                 
            2053             2053        0     1                 
            2089             2089        0     1                 
            20bf             20bf        0     1                 
            2102             2102        0     1                 
            2125             2125        0     1                 
            2148             2148        0     1                 
            21a4             21a4        0     1                 
            21ed             21ed        0     1                 
            2223             2223        0     1                 
            227f             227f        0     1                 
            22b5             22b5        0     1                 
            22eb             22eb        0     1                 
            2334             2334        0     1                 
            236a             236a        0     1                 
            23a4             23a4        0     1                 
            23de             23de        0     1                 
            2414             2414        0     1                 
            2437             2437        0     1                 
            2480             2480        0     1                 
            24a3             24a3        0     1                 
            24ec             24ec        0     1                 
            250f             250f        0     1                 
            256b             256b        0     1                 
            25a1             25a1        0     1                 
            25d7             25d7        0     1                 
            2613             2613        0     1                 
            2649             2649        0     1                 
            267f             267f        0     1                 
            26b5             26b5        0     1                 
            26fe             26fe        0     1                 
            2734             2734        0     1                 
            275b             275b        0     1                 
            2791             2791        0     1                 
            27f5             27f5        0     1                 
            282b             282b        0     1                 
            284e             284e        0     1                 
            2897             2897        0     1                 
            28ba             28ba        0     1                 
            2904             2904        0     1                 
            293e             293e        0     1                 
            2976             2976        0     1                 
            29ac             29ac        0     1                 
            29f5             29f5        0     1                 
            2a2b             2a2b        0     1                 
            2a65             2a65        0     1                 
            2a9f             2a9f        0     1                 
            2ad5             2ad5        0     1                 
            2af8             2af8        0     1                 
            2b1b             2b1b        0     1                 
            2b77             2b77        0     1                 
            2bc0             2bc0        0     1                 
            2c1c             2c1c        0     1                 
            2c65             2c65        0     1                 
            2c9f             2c9f        0     1                 
            2cd9             2cd9        0     1                 
            2d0f             2d0f        0     1                 
            2d6c             2d6c        0     1                 
            2da8             2da8        0     1                 
            2e1c             2e1c        0     1                 
            2e78             2e78        0     1                 
            2eae             2eae        0     1                 
            2ee4             2ee4        0     1                 
            2f26             2f26        0     1                 
            2f62             2f62        0     1                 
            2f98             2f98        0     1                 
            2fce             2fce        0     1                 
            3005             3005        0     1                 
            303f             303f        0     1                 
            3075             3075        0     1                 
            30ab             30ab        0     1                 
            30ce             30ce        0     1                 
            30f1             30f1        0     1                 
            3127             3127        0     1                 
            315d             315d        0     1                 
            31a6             31a6        0     1                 
            31dc             31dc        0     1                 
            3216             3216        0     1                 
            3250             3250        0     1                 
            3286             3286        0     1                 
            32c9             32c9        0     1                 
            32ff             32ff        0     1                 
            3335             3335        0     1                 
            337e             337e        0     1                 
            33da             33da        0     1                 
            343e             343e        0     1                 
            34a2             34a2        0     1                 
            34d8             34d8        0     1                 
            351b             351b       69     1         /tmp/stubs-978100.o:(.debug_loc)
            351b             351b        0     1                 
            351b             351b        0     1                 $d.1
            353e             353e        0     1                 
            3561             3561        0     1                 
            3584             3584       8c     1         /tmp/timer-e92a61.o:(.debug_loc)
            3584             3584        0     1                 
            3584             3584        0     1                 $d.1
            35a7             35a7        0     1                 
            35ca             35ca        0     1                 
            35ed             35ed        0     1                 
               0                0      a2c     1 .debug_abbrev
               0                0       e8     1         /tmp/main-569b99.o:(.debug_abbrev)
               0                0        0     1                 $d.3
              e8               e8      213     1         /tmp/common-7c53e4.o:(.debug_abbrev)
              e8               e8        0     1                 $d.3
             2fb              2fb       ad     1         /tmp/HAL-3b087d.o:(.debug_abbrev)
             2fb              2fb        0     1                 $d.2
             3a8              3a8      15f     1         /tmp/kalloc-f2b687.o:(.debug_abbrev)
             3a8              3a8        0     1                 $d.4
             507              507      2b4     1         /tmp/vm-323131.o:(.debug_abbrev)
             507              507        0     1                 $d.4
             7bb              7bb       ba     1         /tmp/stubs-978100.o:(.debug_abbrev)
             7bb              7bb        0     1                 $d.2
             875              875      106     1         /tmp/timer-e92a61.o:(.debug_abbrev)
             875              875        0     1                 $d.2
             97b              97b       21     1         /tmp/entry-f4dd1e.o:(.debug_abbrev)
             97b              97b        0     1                 
             97b              97b        0     1                 $d.3
             99c              99c       90     1         /tmp/testst-4babdb.o:(.debug_abbrev)
             99c              99c        0     1                 $d.2
               0                0     26f1     1 .debug_info
               0                0      32b     1         /tmp/main-569b99.o:(.debug_info)
               0                0        0     1                 $d.4
             32b              32b      8dd     1         /tmp/common-7c53e4.o:(.debug_info)
             32b              32b        0     1                 $d.4
             c08              c08      1b4     1         /tmp/HAL-3b087d.o:(.debug_info)
             c08              c08        0     1                 $d.3
             dbc              dbc      2af     1         /tmp/kalloc-f2b687.o:(.debug_info)
             dbc              dbc        0     1                 $d.5
            106b             106b     109d     1         /tmp/vm-323131.o:(.debug_info)
            106b             106b        0     1                 $d.5
            2108             2108      320     1         /tmp/stubs-978100.o:(.debug_info)
            2108             2108        0     1                 $d.3
            2428             2428      124     1         /tmp/timer-e92a61.o:(.debug_info)
            2428             2428        0     1                 $d.3
            254c             254c       9d     1         /tmp/entry-f4dd1e.o:(.debug_info)
            254c             254c        0     1                 
            254c             254c        0     1                 $d.4
            25e9             25e9      108     1         /tmp/testst-4babdb.o:(.debug_info)
            25e9             25e9        0     1                 $d.3
               0                0      4b5     1 .debug_str
               0                0      4b5     1         <internal>:(.debug_str)
               0                0       42     1 .comment
               0                0       42     1         <internal>:(.comment)
               0                0       2b     1 .riscv.attributes
               0                0       2b     1         <internal>:(.riscv.attributes)
               0                0      730     8 .debug_frame
               0                0       38     8         /tmp/main-569b99.o:(.debug_frame)
               0                0        0     1                 
               0                0        0     1                 $d.8
              38               38      128     8         /tmp/common-7c53e4.o:(.debug_frame)
              38               38        0     1                 
              38               38        0     1                 $d.9
             160              160       48     8         /tmp/HAL-3b087d.o:(.debug_frame)
             160              160        0     1                 
             160              160        0     1                 $d.7
             1a8              1a8       b8     8         /tmp/kalloc-f2b687.o:(.debug_frame)
             1a8              1a8        0     1                 
             1a8              1a8        0     1                 $d.10
             260              260      270     8         /tmp/vm-323131.o:(.debug_frame)
             260              260        0     1                 
             260              260        0     1                 $d.10
             4d0              4d0      1c8     8         /tmp/stubs-978100.o:(.debug_frame)
             4d0              4d0        0     1                 
             4d0              4d0        0     1                 $d.7
             698              698       60     8         /tmp/timer-e92a61.o:(.debug_frame)
             698              698        0     1                 
             698              698        0     1                 $d.7
             6f8              6f8       38     8         /tmp/testst-4babdb.o:(.debug_frame)
             6f8              6f8        0     1                 
             6f8              6f8        0     1                 $d.7
               0                0     1d13     1 .debug_line
               0                0      175     1         /tmp/main-569b99.o:(.debug_line)
               0                0        0     1                 .Lline_table_start0
               0                0        0     1                 $d.9
             175              175      a37     1         /tmp/common-7c53e4.o:(.debug_line)
             175              175        0     1                 .Lline_table_start0
             175              175        0     1                 $d.10
             bac              bac       75     1         /tmp/HAL-3b087d.o:(.debug_line)
             bac              bac        0     1                 .Lline_table_start0
             bac              bac        0     1                 $d.8
             c21              c21      214     1         /tmp/kalloc-f2b687.o:(.debug_line)
             c21              c21        0     1                 .Lline_table_start0
             c21              c21        0     1                 $d.11
             e35              e35      cad     1         /tmp/vm-323131.o:(.debug_line)
             e35              e35        0     1                 .Lline_table_start0
             e35              e35        0     1                 $d.11
            1ae2             1ae2       df     1         /tmp/stubs-978100.o:(.debug_line)
            1ae2             1ae2        0     1                 .Lline_table_start0
            1ae2             1ae2        0     1                 $d.8
            1bc1             1bc1       7c     1         /tmp/timer-e92a61.o:(.debug_line)
            1bc1             1bc1        0     1                 .Lline_table_start0
            1bc1             1bc1        0     1                 $d.8
            1c3d             1c3d       49     1         /tmp/entry-f4dd1e.o:(.debug_line)
            1c3d             1c3d        0     1                 .Lline_table_start0
            1c3d             1c3d        0     1                 $d.5
            1c86             1c86       5f     1         /tmp/testst-4babdb.o:(.debug_line)
            1c86             1c86        0     1                 .Lline_table_start0
            1c86             1c86        0     1                 $d.8
            1ce5             1ce5       2e     1         /tmp/trampoline-e3595e.o:(.debug_line)
            1ce5             1ce5        0     1                 $d.2
               0                0      690     1 .debug_ranges
               0                0      270     1         /tmp/common-7c53e4.o:(.debug_ranges)
               0                0        0     1                 
               0                0        0     1                 $d.5
              30               30        0     1                 
              60               60        0     1                 
              90               90        0     1                 
              c0               c0        0     1                 
              f0               f0        0     1                 
             120              120        0     1                 
             150              150        0     1                 
             180              180        0     1                 
             1b0              1b0        0     1                 
             1e0              1e0        0     1                 
             210              210        0     1                 
             240              240        0     1                 
             270              270       b0     1         /tmp/kalloc-f2b687.o:(.debug_ranges)
             270              270        0     1                 
             270              270        0     1                 $d.6
             2a0              2a0        0     1                 
             2e0              2e0        0     1                 
             320              320      370     1         /tmp/vm-323131.o:(.debug_ranges)
             320              320        0     1                 
             320              320        0     1                 $d.6
             350              350        0     1                 
             380              380        0     1                 
             3b0              3b0        0     1                 
             3e0              3e0        0     1                 
             410              410        0     1                 
             440              440        0     1                 
             470              470        0     1                 
             4a0              4a0        0     1                 
             4d0              4d0        0     1                 
             500              500        0     1                 
             530              530        0     1                 
             560              560        0     1                 
             590              590        0     1                 
             5c0              5c0        0     1                 
             610              610        0     1                 
             650              650        0     1                 
               0                0       30     1 .debug_aranges
               0                0       30     1         /tmp/entry-f4dd1e.o:(.debug_aranges)
               0                0        0     1                 $d.2
               0                0     cf18     8 .symtab
               0                0     cf18     8         <internal>:(.symtab)
               0                0       af     1 .shstrtab
               0                0       af     1         <internal>:(.shstrtab)
               0                0      424     1 .strtab
               0                0      424     1         <internal>:(.strtab)
