             VMA              LMA     Size Align Out     In      Symbol
               0                0 80200000     1 . = 0x80200000
        80200000         80200000     3000    16 .text
        80200000         80200000       12     1         /tmp/entry-d80562.o:(.text.boot)
        80200000         80200000        0     1                 
        80200000         80200000        0     1                 .Lpcrel_hi0
        80200000         80200000        0     1                 $x.0
        80200000         80200000        0     1                 
        80200000         80200000        0     1                 boot
        80200008         80200008        0     1                 
        8020000c         8020000c        0     1                 
        80200010         80200010        0     1                 spin
        80200010         80200010        0     1                 
        80200010         80200010        0     1                 
        80200012         80200012        0     1                 
        80200012         80200012       b2     2         /tmp/main-3e7c7e.o:(.text)
        80200012         80200012        0     1                 
        80200012         80200012        0     1                 
        80200012         80200012        0     1                 $x.0
        80200012         80200012        0     1                 
        80200012         80200012       16     1                 proc_A
        80200018         80200018        0     1                 .Lpcrel_hi0
        80200020         80200020        0     1                 .LBB0_1
        80200020         80200020        0     1                 
        80200026         80200026        0     1                 
        80200026         80200026        0     1                 
        80200028         80200028        0     1                 
        80200028         80200028        0     1                 
        80200028         80200028        0     1                 
        80200028         80200028        0     1                 
        80200028         80200028        0     1                 
        80200028         80200028       16     1                 proc_B
        8020002e         8020002e        0     1                 .Lpcrel_hi1
        80200036         80200036        0     1                 .LBB1_1
        80200036         80200036        0     1                 
        8020003c         8020003c        0     1                 
        8020003c         8020003c        0     1                 
        8020003e         8020003e        0     1                 
        8020003e         8020003e        0     1                 
        8020003e         8020003e        0     1                 
        8020003e         8020003e        0     1                 
        8020003e         8020003e        0     1                 
        8020003e         8020003e       16     1                 proc_C
        80200044         80200044        0     1                 .Lpcrel_hi2
        8020004c         8020004c        0     1                 .LBB2_1
        8020004c         8020004c        0     1                 
        80200052         80200052        0     1                 
        80200052         80200052        0     1                 
        80200054         80200054        0     1                 
        80200054         80200054        0     1                 
        80200054         80200054        0     1                 
        80200054         80200054        0     1                 
        80200054         80200054        0     1                 
        80200054         80200054       70     1                 main
        80200058         80200058        0     1                 .Lpcrel_hi3
        80200058         80200058        0     1                 
        80200064         80200064        0     1                 
        80200064         80200064        0     1                 
        80200068         80200068        0     1                 
        80200068         80200068        0     1                 
        8020006c         8020006c        0     1                 
        8020006c         8020006c        0     1                 
        80200070         80200070        0     1                 
        80200070         80200070        0     1                 .Lpcrel_hi4
        80200070         80200070        0     1                 
        8020007c         8020007c        0     1                 
        8020007c         8020007c        0     1                 
        80200080         80200080        0     1                 
        80200080         80200080        0     1                 .Lpcrel_hi5
        80200080         80200080        0     1                 
        8020008c         8020008c        0     1                 
        8020008c         8020008c        0     1                 .Lpcrel_hi6
        8020008c         8020008c        0     1                 
        80200098         80200098        0     1                 
        80200098         80200098        0     1                 .Lpcrel_hi7
        80200098         80200098        0     1                 
        802000a4         802000a4        0     1                 
        802000a4         802000a4        0     1                 
        802000aa         802000aa        0     1                 
        802000aa         802000aa        0     1                 .Lpcrel_hi8
        802000aa         802000aa        0     1                 
        802000b6         802000b6        0     1                 
        802000b6         802000b6        0     1                 
        802000ba         802000ba        0     1                 
        802000be         802000be        0     1                 
        802000be         802000be        0     1                 .LBB3_1
        802000be         802000be        0     1                 
        802000c2         802000c2        0     1                 
        802000c4         802000c4        0     1                 
        802000c4         802000c4        0     1                 
        802000c4         802000c4      93c     2         /tmp/common-ba13ff.o:(.text)
        802000c4         802000c4        0     1                 
        802000c4         802000c4        0     1                 
        802000c4         802000c4        0     1                 $x.0
        802000c4         802000c4        0     1                 
        802000c4         802000c4       3c     1                 putchar
        802000c6         802000c6        0     1                 
        802000cc         802000cc        0     1                 
        802000d2         802000d2        0     1                 
        802000d2         802000d2        0     1                 
        802000e6         802000e6        0     1                 
        802000e6         802000e6        0     1                 
        802000ec         802000ec        0     1                 
        802000ee         802000ee        0     1                 .LBB0_2
        802000ee         802000ee        0     1                 
        80200100         80200100        0     1                 
        80200100         80200100        0     1                 
        80200100         80200100        0     1                 
        80200100         80200100        0     1                 
        80200100         80200100        0     1                 
        80200100         80200100        0     1                 
        80200100         80200100       5e     1                 puts
        80200104         80200104        0     1                 
        80200108         80200108        0     1                 
        80200118         80200118        0     1                 
        80200118         80200118        0     1                 .LBB1_2
        80200118         80200118        0     1                 
        8020012c         8020012c        0     1                 
        8020012c         8020012c        0     1                 
        80200130         80200130        0     1                 
        80200132         80200132        0     1                 
        80200134         80200134        0     1                 .LBB1_3
        80200134         80200134        0     1                 
        80200134         80200134        0     1                 
        80200138         80200138        0     1                 
        8020013c         8020013c        0     1                 
        80200142         80200142        0     1                 
        80200150         80200150        0     1                 
        80200150         80200150        0     1                 
        80200152         80200152        0     1                 .LBB1_5
        80200152         80200152        0     1                 
        8020015c         8020015c        0     1                 .LBB1_6
        8020015c         8020015c        0     1                 
        8020015e         8020015e        0     1                 
        8020015e         8020015e        0     1                 
        8020015e         8020015e        0     1                 
        8020015e         8020015e        0     1                 
        8020015e         8020015e        0     1                 
        8020015e         8020015e      78a     1                 printf
        8020017c         8020017c        0     1                 
        80200194         80200194        0     1                 
        80200196         80200196        0     1                 
        80200196         80200196        0     1                 
        802001b0         802001b0        0     1                 
        802001b0         802001b0        0     1                 .LBB2_1
        802001b0         802001b0        0     1                 
        802001c4         802001c4        0     1                 
        802001c4         802001c4        0     1                 .LBB2_2
        802001c4         802001c4        0     1                 
        802001d8         802001d8        0     1                 
        802001d8         802001d8        0     1                 
        802001da         802001da        0     1                 .LBB2_3
        802001da         802001da        0     1                 
        802001e2         802001e2        0     1                 
        802001ea         802001ea        0     1                 
        802001ee         802001ee        0     1                 .LBB2_6
        802001ee         802001ee        0     1                 
        802001f2         802001f2        0     1                 
        802001f2         802001f2        0     1                 
        802001fa         802001fa        0     1                 
        802001fa         802001fa        0     1                 
        802001fe         802001fe        0     1                 
        80200202         80200202        0     1                 
        80200202         80200202        0     1                 
        80200204         80200204        0     1                 
        80200208         80200208        0     1                 
        80200208         80200208        0     1                 
        8020020a         8020020a        0     1                 .LBB2_9
        8020020a         8020020a        0     1                 
        8020020c         8020020c        0     1                 .LBB2_10
        8020020c         8020020c        0     1                 
        8020020c         8020020c        0     1                 .Lpcrel_hi0
        80200214         80200214        0     1                 
        80200218         80200218        0     1                 
        8020021e         8020021e        0     1                 
        80200222         80200222        0     1                 
        80200224         80200224        0     1                 
        80200224         80200224        0     1                 
        80200230         80200230        0     1                 
        80200230         80200230        0     1                 .LBB2_12
        80200230         80200230        0     1                 
        80200238         80200238        0     1                 
        8020023e         8020023e        0     1                 
        8020023e         8020023e        0     1                 
        80200246         80200246        0     1                 
        8020024c         8020024c        0     1                 
        8020024c         8020024c        0     1                 
        80200250         80200250        0     1                 
        80200252         80200252        0     1                 
        80200256         80200256        0     1                 
        8020025a         8020025a        0     1                 
        8020025e         8020025e        0     1                 
        8020025e         8020025e        0     1                 
        80200266         80200266        0     1                 .LBB2_15
        80200266         80200266        0     1                 
        80200268         80200268        0     1                 .LBB2_16
        80200268         80200268        0     1                 
        80200274         80200274        0     1                 
        80200284         80200284        0     1                 
        80200284         80200284        0     1                 .LBB2_17
        80200284         80200284        0     1                 
        80200298         80200298        0     1                 
        80200298         80200298        0     1                 
        8020029a         8020029a        0     1                 
        8020029e         8020029e        0     1                 .LBB2_18
        8020029e         8020029e        0     1                 
        802002a2         802002a2        0     1                 
        802002a2         802002a2        0     1                 
        802002a6         802002a6        0     1                 
        802002ba         802002ba        0     1                 
        802002ba         802002ba        0     1                 
        802002bc         802002bc        0     1                 .LBB2_20
        802002bc         802002bc        0     1                 
        802002bc         802002bc        0     1                 
        802002c8         802002c8        0     1                 
        802002d2         802002d2        0     1                 
        802002d2         802002d2        0     1                 
        802002d4         802002d4        0     1                 
        802002d4         802002d4        0     1                 
        802002de         802002de        0     1                 
        802002de         802002de        0     1                 .LBB2_23
        802002de         802002de        0     1                 
        802002e6         802002e6        0     1                 
        802002ec         802002ec        0     1                 
        802002ec         802002ec        0     1                 
        802002f4         802002f4        0     1                 
        802002fa         802002fa        0     1                 
        802002fa         802002fa        0     1                 
        802002fe         802002fe        0     1                 
        80200300         80200300        0     1                 
        80200304         80200304        0     1                 
        80200308         80200308        0     1                 
        8020030c         8020030c        0     1                 
        8020030c         8020030c        0     1                 
        80200310         80200310        0     1                 
        80200314         80200314        0     1                 
        80200314         80200314        0     1                 .LBB2_26
        80200314         80200314        0     1                 
        80200316         80200316        0     1                 .LBB2_27
        80200316         80200316        0     1                 
        80200322         80200322        0     1                 
        80200330         80200330        0     1                 
        80200330         80200330        0     1                 
        80200332         80200332        0     1                 
        80200332         80200332        0     1                 .LBB2_28
        80200332         80200332        0     1                 
        80200346         80200346        0     1                 
        80200346         80200346        0     1                 
        80200348         80200348        0     1                 
        8020034c         8020034c        0     1                 .LBB2_29
        8020034c         8020034c        0     1                 
        80200350         80200350        0     1                 
        80200350         80200350        0     1                 
        80200354         80200354        0     1                 
        80200368         80200368        0     1                 
        80200368         80200368        0     1                 
        8020036a         8020036a        0     1                 .LBB2_31
        8020036a         8020036a        0     1                 
        8020036a         8020036a        0     1                 
        8020036e         8020036e        0     1                 
        8020036e         8020036e        0     1                 
        80200370         80200370        0     1                 .LBB2_32
        80200370         80200370        0     1                 
        80200370         80200370        0     1                 
        80200378         80200378        0     1                 
        80200380         80200380        0     1                 
        8020038a         8020038a        0     1                 
        8020038a         8020038a        0     1                 
        8020038c         8020038c        0     1                 
        8020038c         8020038c        0     1                 
        80200396         80200396        0     1                 
        80200396         80200396        0     1                 .LBB2_35
        80200396         80200396        0     1                 
        8020039e         8020039e        0     1                 
        802003a4         802003a4        0     1                 
        802003a4         802003a4        0     1                 
        802003ac         802003ac        0     1                 
        802003b2         802003b2        0     1                 
        802003b2         802003b2        0     1                 
        802003b6         802003b6        0     1                 
        802003b8         802003b8        0     1                 
        802003bc         802003bc        0     1                 
        802003c0         802003c0        0     1                 
        802003c4         802003c4        0     1                 
        802003c4         802003c4        0     1                 
        802003c8         802003c8        0     1                 
        802003cc         802003cc        0     1                 
        802003cc         802003cc        0     1                 .LBB2_38
        802003cc         802003cc        0     1                 
        802003ce         802003ce        0     1                 .LBB2_39
        802003ce         802003ce        0     1                 
        802003da         802003da        0     1                 
        802003e8         802003e8        0     1                 
        802003e8         802003e8        0     1                 
        802003ea         802003ea        0     1                 
        802003ea         802003ea        0     1                 .LBB2_40
        802003ea         802003ea        0     1                 
        802003fe         802003fe        0     1                 
        802003fe         802003fe        0     1                 
        80200400         80200400        0     1                 
        80200404         80200404        0     1                 .LBB2_41
        80200404         80200404        0     1                 
        80200408         80200408        0     1                 
        80200408         80200408        0     1                 
        8020040c         8020040c        0     1                 
        80200420         80200420        0     1                 
        80200420         80200420        0     1                 
        80200422         80200422        0     1                 .LBB2_43
        80200422         80200422        0     1                 
        80200422         80200422        0     1                 
        8020042a         8020042a        0     1                 
        80200432         80200432        0     1                 
        80200432         80200432        0     1                 
        8020043c         8020043c        0     1                 .LBB2_44
        8020043c         8020043c        0     1                 
        8020043c         8020043c        0     1                 
        80200444         80200444        0     1                 
        80200452         80200452        0     1                 
        80200452         80200452        0     1                 
        80200454         80200454        0     1                 
        80200454         80200454        0     1                 .LBB2_46
        8020045c         8020045c        0     1                 
        80200462         80200462        0     1                 
        80200462         80200462        0     1                 
        8020046a         8020046a        0     1                 
        80200470         80200470        0     1                 
        80200474         80200474        0     1                 
        80200474         80200474        0     1                 
        80200476         80200476        0     1                 
        80200476         80200476        0     1                 
        8020047e         8020047e        0     1                 
        80200486         80200486        0     1                 
        80200486         80200486        0     1                 
        8020048a         8020048a        0     1                 
        8020048e         8020048e        0     1                 
        80200490         80200490        0     1                 .LBB2_49
        80200490         80200490        0     1                 
        802004ac         802004ac        0     1                 
        802004ac         802004ac        0     1                 .LBB2_50
        802004ac         802004ac        0     1                 
        802004c0         802004c0        0     1                 
        802004c0         802004c0        0     1                 
        802004c2         802004c2        0     1                 
        802004c6         802004c6        0     1                 .LBB2_51
        802004c6         802004c6        0     1                 
        802004ca         802004ca        0     1                 
        802004ca         802004ca        0     1                 
        802004ce         802004ce        0     1                 
        802004e2         802004e2        0     1                 
        802004e2         802004e2        0     1                 
        802004e4         802004e4        0     1                 .LBB2_53
        802004e4         802004e4        0     1                 
        802004e4         802004e4        0     1                 
        802004e8         802004e8        0     1                 
        802004ec         802004ec        0     1                 
        802004f0         802004f0        0     1                 
        802004f4         802004f4        0     1                 
        802004f4         802004f4        0     1                 
        802004fe         802004fe        0     1                 .LBB2_54
        802004fe         802004fe        0     1                 
        802004fe         802004fe        0     1                 
        8020050e         8020050e        0     1                 
        8020051a         8020051a        0     1                 
        8020051a         8020051a        0     1                 
        8020051c         8020051c        0     1                 
        8020051c         8020051c        0     1                 .LBB2_57
        80200524         80200524        0     1                 
        8020052a         8020052a        0     1                 
        8020052a         8020052a        0     1                 
        80200532         80200532        0     1                 
        80200538         80200538        0     1                 
        8020053c         8020053c        0     1                 
        8020053c         8020053c        0     1                 
        8020053e         8020053e        0     1                 
        8020053e         8020053e        0     1                 
        80200546         80200546        0     1                 
        8020054e         8020054e        0     1                 
        8020054e         8020054e        0     1                 
        80200552         80200552        0     1                 
        80200556         80200556        0     1                 
        80200558         80200558        0     1                 .LBB2_60
        80200558         80200558        0     1                 
        80200572         80200572        0     1                 
        80200572         80200572        0     1                 
        80200574         80200574        0     1                 
        80200574         80200574        0     1                 .LBB2_61
        80200574         80200574        0     1                 
        80200588         80200588        0     1                 
        80200588         80200588        0     1                 
        8020058a         8020058a        0     1                 
        8020058e         8020058e        0     1                 .LBB2_62
        8020058e         8020058e        0     1                 
        80200592         80200592        0     1                 
        80200592         80200592        0     1                 
        80200596         80200596        0     1                 
        802005aa         802005aa        0     1                 
        802005aa         802005aa        0     1                 
        802005ac         802005ac        0     1                 .LBB2_64
        802005ac         802005ac        0     1                 
        802005ac         802005ac        0     1                 
        802005b0         802005b0        0     1                 
        802005b0         802005b0        0     1                 
        802005b2         802005b2        0     1                 .LBB2_65
        802005b2         802005b2        0     1                 
        802005b2         802005b2        0     1                 
        802005b6         802005b6        0     1                 
        802005ba         802005ba        0     1                 
        802005be         802005be        0     1                 
        802005c2         802005c2        0     1                 
        802005c2         802005c2        0     1                 
        802005cc         802005cc        0     1                 .LBB2_66
        802005cc         802005cc        0     1                 
        802005cc         802005cc        0     1                 
        802005d8         802005d8        0     1                 
        802005dc         802005dc        0     1                 
        802005e8         802005e8        0     1                 
        802005e8         802005e8        0     1                 
        802005ea         802005ea        0     1                 
        802005ea         802005ea        0     1                 .LBB2_68
        802005f2         802005f2        0     1                 
        802005f8         802005f8        0     1                 
        802005f8         802005f8        0     1                 
        80200600         80200600        0     1                 
        80200606         80200606        0     1                 
        8020060a         8020060a        0     1                 
        8020060a         8020060a        0     1                 
        8020060c         8020060c        0     1                 
        8020060c         8020060c        0     1                 
        80200614         80200614        0     1                 
        8020061c         8020061c        0     1                 
        8020061c         8020061c        0     1                 
        80200620         80200620        0     1                 
        80200624         80200624        0     1                 
        80200626         80200626        0     1                 .LBB2_71
        80200626         80200626        0     1                 
        80200640         80200640        0     1                 
        80200640         80200640        0     1                 
        80200642         80200642        0     1                 
        80200642         80200642        0     1                 .LBB2_72
        80200642         80200642        0     1                 
        80200656         80200656        0     1                 
        80200656         80200656        0     1                 
        80200658         80200658        0     1                 
        8020065c         8020065c        0     1                 .LBB2_73
        8020065c         8020065c        0     1                 
        80200660         80200660        0     1                 
        80200660         80200660        0     1                 
        80200664         80200664        0     1                 
        80200678         80200678        0     1                 
        80200678         80200678        0     1                 
        8020067a         8020067a        0     1                 .LBB2_75
        8020067a         8020067a        0     1                 
        8020067a         8020067a        0     1                 
        80200682         80200682        0     1                 
        80200690         80200690        0     1                 
        80200690         80200690        0     1                 .LBB2_77
        80200690         80200690        0     1                 
        80200692         80200692        0     1                 
        80200692         80200692        0     1                 
        80200696         80200696        0     1                 
        8020069c         8020069c        0     1                 
        8020069e         8020069e        0     1                 
        8020069e         8020069e        0     1                 
        802006a2         802006a2        0     1                 
        802006a4         802006a4        0     1                 
        802006a8         802006a8        0     1                 
        802006ac         802006ac        0     1                 
        802006ac         802006ac        0     1                 .LBB2_78
        802006ac         802006ac        0     1                 
        802006c0         802006c0        0     1                 
        802006c0         802006c0        0     1                 
        802006c6         802006c6        0     1                 
        802006cc         802006cc        0     1                 .LBB2_79
        802006cc         802006cc        0     1                 
        802006d4         802006d4        0     1                 
        802006d4         802006d4        0     1                 
        802006d8         802006d8        0     1                 
        802006ec         802006ec        0     1                 
        802006ec         802006ec        0     1                 
        802006ee         802006ee        0     1                 .LBB2_81
        802006ee         802006ee        0     1                 
        802006ee         802006ee        0     1                 
        802006fe         802006fe        0     1                 
        8020070a         8020070a        0     1                 
        8020070a         8020070a        0     1                 .LBB2_84
        8020070a         8020070a        0     1                 
        8020070c         8020070c        0     1                 
        8020070c         8020070c        0     1                 
        80200710         80200710        0     1                 
        80200716         80200716        0     1                 
        80200718         80200718        0     1                 
        80200718         80200718        0     1                 
        8020071c         8020071c        0     1                 
        8020071e         8020071e        0     1                 
        80200722         80200722        0     1                 
        80200726         80200726        0     1                 
        80200726         80200726        0     1                 .LBB2_85
        80200726         80200726        0     1                 
        8020073a         8020073a        0     1                 
        8020073a         8020073a        0     1                 
        80200740         80200740        0     1                 
        80200746         80200746        0     1                 .LBB2_86
        80200746         80200746        0     1                 
        8020074e         8020074e        0     1                 
        8020074e         8020074e        0     1                 
        80200752         80200752        0     1                 
        80200766         80200766        0     1                 
        80200766         80200766        0     1                 
        80200768         80200768        0     1                 .LBB2_88
        80200768         80200768        0     1                 
        8020076a         8020076a        0     1                 
        8020076a         8020076a        0     1                 
        8020076c         8020076c        0     1                 
        8020076e         8020076e        0     1                 .LBB2_89
        8020076e         8020076e        0     1                 
        8020076e         8020076e        0     1                 
        80200772         80200772        0     1                 
        80200772         80200772        0     1                 
        80200774         80200774        0     1                 .LBB2_90
        80200774         80200774        0     1                 
        8020077c         8020077c        0     1                 
        80200780         80200780        0     1                 
        8020078c         8020078c        0     1                 
        8020078c         8020078c        0     1                 .LBB2_92
        8020078c         8020078c        0     1                 
        8020078e         8020078e        0     1                 
        8020078e         8020078e        0     1                 
        80200792         80200792        0     1                 
        80200798         80200798        0     1                 
        8020079a         8020079a        0     1                 
        8020079a         8020079a        0     1                 
        8020079e         8020079e        0     1                 
        802007a0         802007a0        0     1                 
        802007a4         802007a4        0     1                 
        802007a8         802007a8        0     1                 
        802007a8         802007a8        0     1                 .LBB2_93
        802007a8         802007a8        0     1                 
        802007bc         802007bc        0     1                 
        802007bc         802007bc        0     1                 
        802007c2         802007c2        0     1                 
        802007c8         802007c8        0     1                 .LBB2_94
        802007c8         802007c8        0     1                 
        802007d0         802007d0        0     1                 
        802007d0         802007d0        0     1                 
        802007d4         802007d4        0     1                 
        802007e8         802007e8        0     1                 
        802007e8         802007e8        0     1                 
        802007ea         802007ea        0     1                 .LBB2_96
        802007ea         802007ea        0     1                 
        802007ec         802007ec        0     1                 
        802007ec         802007ec        0     1                 
        802007ee         802007ee        0     1                 
        802007f0         802007f0        0     1                 .LBB2_97
        802007f0         802007f0        0     1                 
        802007f0         802007f0        0     1                 
        80200804         80200804        0     1                 
        80200812         80200812        0     1                 .LBB2_101
        80200812         80200812        0     1                 
        80200822         80200822        0     1                 
        8020082c         8020082c        0     1                 
        80200830         80200830        0     1                 
        80200830         80200830        0     1                 
        80200834         80200834        0     1                 
        80200834         80200834        0     1                 
        80200836         80200836        0     1                 .LBB2_104
        80200836         80200836        0     1                 
        80200836         80200836        0     1                 
        80200840         80200840        0     1                 
        8020084c         8020084c        0     1                 
        8020084c         8020084c        0     1                 
        8020084e         8020084e        0     1                 .LBB2_105
        8020084e         8020084e        0     1                 
        80200852         80200852        0     1                 
        80200852         80200852        0     1                 
        80200856         80200856        0     1                 
        80200856         80200856        0     1                 
        80200858         80200858        0     1                 .LBB2_106
        80200858         80200858        0     1                 
        80200858         80200858        0     1                 
        80200862         80200862        0     1                 
        8020086e         8020086e        0     1                 
        8020086e         8020086e        0     1                 
        80200872         80200872        0     1                 
        80200872         80200872        0     1                 
        80200874         80200874        0     1                 .LBB2_107
        80200874         80200874        0     1                 
        80200874         80200874        0     1                 
        80200880         80200880        0     1                 
        80200880         80200880        0     1                 
        80200884         80200884        0     1                 .Lpcrel_hi1
        80200884         80200884        0     1                 
        8020088e         8020088e        0     1                 
        8020088e         8020088e        0     1                 .LBB2_109
        8020088e         8020088e        0     1                 
        802008a2         802008a2        0     1                 
        802008a2         802008a2        0     1                 .LBB2_110
        802008a2         802008a2        0     1                 
        802008b6         802008b6        0     1                 
        802008b6         802008b6        0     1                 
        802008b8         802008b8        0     1                 .LBB2_111
        802008b8         802008b8        0     1                 
        802008bc         802008bc        0     1                 
        802008c2         802008c2        0     1                 
        802008c6         802008c6        0     1                 
        802008c6         802008c6        0     1                 
        802008c8         802008c8        0     1                 .LBB2_114
        802008c8         802008c8        0     1                 
        802008c8         802008c8        0     1                 
        802008d8         802008d8        0     1                 
        802008d8         802008d8        0     1                 
        802008e4         802008e4        0     1                 
        802008e8         802008e8       70     1                 printptr
        802008e8         802008e8        0     1                 
        802008e8         802008e8        0     1                 
        802008e8         802008e8        0     1                 
        802008e8         802008e8        0     1                 
        802008e8         802008e8        0     1                 
        802008f4         802008f4        0     1                 
        802008f4         802008f4        0     1                 
        8020090a         8020090a        0     1                 
        8020090a         8020090a        0     1                 
        80200920         80200920        0     1                 
        80200920         80200920        0     1                 
        80200922         80200922        0     1                 
        80200922         80200922        0     1                 .Lpcrel_hi2
        8020092a         8020092a        0     1                 
        8020092a         8020092a        0     1                 .LBB3_1
        8020092a         8020092a        0     1                 
        8020092e         8020092e        0     1                 
        80200934         80200934        0     1                 
        80200934         80200934        0     1                 
        80200946         80200946        0     1                 
        80200946         80200946        0     1                 
        80200948         80200948        0     1                 
        80200948         80200948        0     1                 
        8020094a         8020094a        0     1                 
        8020094c         8020094c        0     1                 
        80200950         80200950        0     1                 
        80200954         80200954        0     1                 
        80200958         80200958        0     1                 
        80200958         80200958        0     1                 
        80200958         80200958        0     1                 
        80200958         80200958        0     1                 
        80200958         80200958        0     1                 
        80200958         80200958       16     1                 memset
        8020095a         8020095a        0     1                 
        8020095c         8020095c        0     1                 
        8020095e         8020095e        0     1                 
        80200962         80200962        0     1                 
        80200962         80200962        0     1                 .LBB4_2
        80200962         80200962        0     1                 
        80200966         80200966        0     1                 
        80200966         80200966        0     1                 
        80200968         80200968        0     1                 
        80200968         80200968        0     1                 
        8020096c         8020096c        0     1                 .LBB4_3
        8020096c         8020096c        0     1                 
        8020096e         8020096e        0     1                 
        8020096e         8020096e        0     1                 
        8020096e         8020096e        0     1                 
        8020096e         8020096e        0     1                 
        8020096e         8020096e        0     1                 
        8020096e         8020096e       24     1                 memcpy
        80200972         80200972        0     1                 
        8020097c         8020097c        0     1                 
        8020097c         8020097c        0     1                 .LBB5_2
        8020097c         8020097c        0     1                 
        80200980         80200980        0     1                 
        80200982         80200982        0     1                 
        80200986         80200986        0     1                 
        80200986         80200986        0     1                 
        8020098a         8020098a        0     1                 
        8020098c         8020098c        0     1                 
        8020098c         8020098c        0     1                 
        80200990         80200990        0     1                 .LBB5_3
        80200990         80200990        0     1                 
        80200990         80200990        0     1                 
        80200992         80200992        0     1                 
        80200992         80200992        0     1                 
        80200992         80200992        0     1                 
        80200992         80200992        0     1                 
        80200992         80200992        0     1                 
        80200992         80200992       5a     1                 memmove
        80200996         80200996        0     1                 
        80200996         80200996        0     1                 
        802009a4         802009a4        0     1                 
        802009a4         802009a4        0     1                 .LBB6_3
        802009a4         802009a4        0     1                 
        802009a8         802009a8        0     1                 
        802009aa         802009aa        0     1                 
        802009ae         802009ae        0     1                 
        802009ae         802009ae        0     1                 
        802009b2         802009b2        0     1                 
        802009b4         802009b4        0     1                 
        802009b4         802009b4        0     1                 
        802009ba         802009ba        0     1                 .LBB6_4
        802009ba         802009ba        0     1                 
        802009ba         802009ba        0     1                 
        802009bc         802009bc        0     1                 
        802009c4         802009c4        0     1                 
        802009c4         802009c4        0     1                 
        802009d6         802009d6        0     1                 
        802009da         802009da        0     1                 
        802009da         802009da        0     1                 .LBB6_6
        802009da         802009da        0     1                 
        802009de         802009de        0     1                 
        802009e2         802009e2        0     1                 
        802009e2         802009e2        0     1                 
        802009e4         802009e4        0     1                 
        802009e6         802009e6        0     1                 
        802009ea         802009ea        0     1                 .LBB6_7
        802009ea         802009ea        0     1                 
        802009ec         802009ec        0     1                 
        802009ec         802009ec        0     1                 
        802009ec         802009ec        0     1                 
        802009ec         802009ec        0     1                 
        802009ec         802009ec        0     1                 
        802009ec         802009ec       14     1                 panic
        802009f2         802009f2        0     1                 
        802009f2         802009f2        0     1                 .Lpcrel_hi3
        802009f2         802009f2        0     1                 
        802009fe         802009fe        0     1                 
        802009fe         802009fe        0     1                 .LBB7_1
        802009fe         802009fe        0     1                 
        80200a00         80200a00        0     1                 
        80200a00         80200a00        0     1                 
        80200a00         80200a00       16     2         /tmp/HAL-9ac66f.o:(.text)
        80200a00         80200a00        0     1                 
        80200a00         80200a00        0     1                 
        80200a00         80200a00        0     1                 $x.0
        80200a00         80200a00        0     1                 
        80200a00         80200a00        6     1                 sbi_call
        80200a04         80200a04        0     1                 
        80200a06         80200a06        0     1                 
        80200a06         80200a06        0     1                 
        80200a06         80200a06        0     1                 
        80200a06         80200a06       10     1                 sbi_set_timer
        80200a0e         80200a0e        0     1                 
        80200a14         80200a14        0     1                 
        80200a16         80200a16        0     1                 
        80200a16         80200a16      1b4     2         /tmp/kalloc-bf0705.o:(.text)
        80200a16         80200a16        0     1                 
        80200a16         80200a16        0     1                 
        80200a16         80200a16        0     1                 $x.0
        80200a16         80200a16        0     1                 
        80200a16         80200a16       98     1                 kinit
        80200a28         80200a28        0     1                 .Lpcrel_hi0
        80200a28         80200a28        0     1                 
        80200a30         80200a30        0     1                 
        80200a30         80200a30        0     1                 
        80200a36         80200a36        0     1                 
        80200a3c         80200a3c        0     1                 
        80200a3c         80200a3c        0     1                 
        80200a44         80200a44        0     1                 
        80200a48         80200a48        0     1                 
        80200a4a         80200a4a        0     1                 .Lpcrel_hi1
        80200a52         80200a52        0     1                 .LBB0_2
        80200a56         80200a56        0     1                 
        80200a56         80200a56        0     1                 
        80200a5e         80200a5e        0     1                 
        80200a68         80200a68        0     1                 
        80200a68         80200a68        0     1                 
        80200a6c         80200a6c        0     1                 
        80200a6e         80200a6e        0     1                 
        80200a6e         80200a6e        0     1                 
        80200a76         80200a76        0     1                 
        80200a76         80200a76        0     1                 
        80200a7a         80200a7a        0     1                 
        80200a7a         80200a7a        0     1                 
        80200a7c         80200a7c        0     1                 
        80200a7c         80200a7c        0     1                 
        80200a80         80200a80        0     1                 .LBB0_5
        80200a80         80200a80        0     1                 
        80200a80         80200a80        0     1                 
        80200a90         80200a90        0     1                 
        80200a94         80200a94        0     1                 .LBB0_6
        80200a94         80200a94        0     1                 
        80200a94         80200a94        0     1                 .Lpcrel_hi2
        80200a94         80200a94        0     1                 
        80200a9c         80200a9c        0     1                 .Lpcrel_hi3
        80200aac         80200aac        0     1                 
        80200aac         80200aac        0     1                 .LBB0_7
        80200aae         80200aae        0     1                 
        80200aae         80200aae        0     1                 
        80200aae         80200aae        0     1                 
        80200aae         80200aae        0     1                 
        80200aae         80200aae        0     1                 
        80200aae         80200aae        0     1                 
        80200aae         80200aae       94     1                 freerange
        80200ac6         80200ac6        0     1                 
        80200ac8         80200ac8        0     1                 
        80200ac8         80200ac8        0     1                 
        80200aca         80200aca        0     1                 
        80200acc         80200acc        0     1                 
        80200acc         80200acc        0     1                 
        80200ad0         80200ad0        0     1                 
        80200ad4         80200ad4        0     1                 
        80200ad6         80200ad6        0     1                 
        80200ad8         80200ad8        0     1                 .Lpcrel_hi4
        80200ae0         80200ae0        0     1                 .Lpcrel_hi5
        80200ae6         80200ae6        0     1                 .LBB1_2
        80200aea         80200aea        0     1                 
        80200aea         80200aea        0     1                 
        80200af2         80200af2        0     1                 
        80200afc         80200afc        0     1                 
        80200afc         80200afc        0     1                 
        80200b00         80200b00        0     1                 
        80200b02         80200b02        0     1                 
        80200b02         80200b02        0     1                 
        80200b0a         80200b0a        0     1                 
        80200b0a         80200b0a        0     1                 
        80200b0e         80200b0e        0     1                 
        80200b0e         80200b0e        0     1                 
        80200b10         80200b10        0     1                 
        80200b10         80200b10        0     1                 
        80200b14         80200b14        0     1                 .LBB1_5
        80200b14         80200b14        0     1                 
        80200b14         80200b14        0     1                 
        80200b24         80200b24        0     1                 
        80200b28         80200b28        0     1                 .LBB1_6
        80200b28         80200b28        0     1                 
        80200b28         80200b28        0     1                 .Lpcrel_hi6
        80200b28         80200b28        0     1                 
        80200b30         80200b30        0     1                 .Lpcrel_hi7
        80200b40         80200b40        0     1                 
        80200b40         80200b40        0     1                 .LBB1_7
        80200b42         80200b42        0     1                 
        80200b42         80200b42        0     1                 
        80200b42         80200b42        0     1                 
        80200b42         80200b42        0     1                 
        80200b42         80200b42        0     1                 
        80200b42         80200b42        0     1                 
        80200b42         80200b42       5e     1                 kfree
        80200b4e         80200b4e        0     1                 
        80200b52         80200b52        0     1                 .Lpcrel_hi8
        80200b52         80200b52        0     1                 
        80200b5a         80200b5a        0     1                 
        80200b5e         80200b5e        0     1                 
        80200b64         80200b64        0     1                 
        80200b66         80200b66        0     1                 
        80200b70         80200b70        0     1                 
        80200b70         80200b70        0     1                 .Lpcrel_hi11
        80200b70         80200b70        0     1                 
        80200b78         80200b78        0     1                 
        80200b7a         80200b7a        0     1                 
        80200b82         80200b82        0     1                 
        80200b82         80200b82        0     1                 
        80200b86         80200b86        0     1                 .LBB2_4
        80200b86         80200b86        0     1                 
        80200b86         80200b86        0     1                 .Lpcrel_hi9
        80200b86         80200b86        0     1                 
        80200b8a         80200b8a        0     1                 
        80200b8e         80200b8e        0     1                 .Lpcrel_hi10
        80200b9e         80200b9e        0     1                 
        80200b9e         80200b9e        0     1                 .LBB2_5
        80200ba0         80200ba0        0     1                 
        80200ba0         80200ba0        0     1                 
        80200ba0         80200ba0        0     1                 
        80200ba0         80200ba0        0     1                 
        80200ba0         80200ba0        0     1                 
        80200ba0         80200ba0       2a     1                 kalloc
        80200ba6         80200ba6        0     1                 .Lpcrel_hi12
        80200ba6         80200ba6        0     1                 
        80200bae         80200bae        0     1                 
        80200bae         80200bae        0     1                 
        80200bb0         80200bb0        0     1                 
        80200bb2         80200bb2        0     1                 
        80200bb6         80200bb6        0     1                 
        80200bc0         80200bc0        0     1                 .LBB3_2
        80200bc0         80200bc0        0     1                 
        80200bc0         80200bc0        0     1                 
        80200bc6         80200bc6        0     1                 
        80200bc6         80200bc6        0     1                 
        80200bca         80200bca        0     1                 
        80200bca         80200bca        0     1                 
        80200bca         80200bca      814     2         /tmp/vm-9815cb.o:(.text)
        80200bca         80200bca        0     1                 
        80200bca         80200bca        0     1                 
        80200bca         80200bca        0     1                 $x.0
        80200bca         80200bca        0     1                 
        80200bca         80200bca       ea     1                 kvmmake
        80200bd2         80200bd2        0     1                 
        80200bd6         80200bd6        0     1                 
        80200bd8         80200bd8        0     1                 
        80200bd8         80200bd8        0     1                 
        80200be0         80200be0        0     1                 
        80200be0         80200be0        0     1                 .Lpcrel_hi0
        80200be0         80200be0        0     1                 
        80200bee         80200bee        0     1                 
        80200bee         80200bee        0     1                 
        80200bf2         80200bf2        0     1                 
        80200bfc         80200bfc        0     1                 
        80200bfc         80200bfc        0     1                 
        80200bfe         80200bfe        0     1                 
        80200bfe         80200bfe        0     1                 
        80200c02         80200c02        0     1                 
        80200c02         80200c02        0     1                 
        80200c06         80200c06        0     1                 
        80200c12         80200c12        0     1                 
        80200c12         80200c12        0     1                 
        80200c14         80200c14        0     1                 
        80200c14         80200c14        0     1                 
        80200c1e         80200c1e        0     1                 
        80200c1e         80200c1e        0     1                 
        80200c26         80200c26        0     1                 
        80200c26         80200c26        0     1                 
        80200c28         80200c28        0     1                 
        80200c2e         80200c2e        0     1                 
        80200c30         80200c30        0     1                 .Lpcrel_hi5
        80200c30         80200c30        0     1                 
        80200c3c         80200c3c        0     1                 
        80200c40         80200c40        0     1                 
        80200c42         80200c42        0     1                 
        80200c42         80200c42        0     1                 
        80200c46         80200c46        0     1                 
        80200c4c         80200c4c        0     1                 
        80200c4c         80200c4c        0     1                 
        80200c54         80200c54        0     1                 
        80200c54         80200c54        0     1                 
        80200c56         80200c56        0     1                 
        80200c56         80200c56        0     1                 
        80200c5c         80200c5c        0     1                 
        80200c5e         80200c5e        0     1                 
        80200c60         80200c60        0     1                 
        80200c60         80200c60        0     1                 
        80200c62         80200c62        0     1                 
        80200c62         80200c62        0     1                 
        80200c66         80200c66        0     1                 
        80200c68         80200c68        0     1                 
        80200c6c         80200c6c        0     1                 .LBB0_7
        80200c6c         80200c6c        0     1                 
        80200c6c         80200c6c        0     1                 .Lpcrel_hi1
        80200c6c         80200c6c        0     1                 
        80200c78         80200c78        0     1                 .LBB0_8
        80200c78         80200c78        0     1                 
        80200c78         80200c78        0     1                 .Lpcrel_hi2
        80200c78         80200c78        0     1                 
        80200c84         80200c84        0     1                 .LBB0_9
        80200c84         80200c84        0     1                 
        80200c84         80200c84        0     1                 .Lpcrel_hi4
        80200c84         80200c84        0     1                 
        80200c90         80200c90        0     1                 .LBB0_10
        80200c90         80200c90        0     1                 
        80200c90         80200c90        0     1                 .Lpcrel_hi3
        80200c90         80200c90        0     1                 
        80200c94         80200c94        0     1                 
        80200c9c         80200c9c        0     1                 .LBB0_11
        80200c9c         80200c9c        0     1                 
        80200c9c         80200c9c        0     1                 .Lpcrel_hi7
        80200c9c         80200c9c        0     1                 
        80200ca8         80200ca8        0     1                 .LBB0_12
        80200ca8         80200ca8        0     1                 
        80200ca8         80200ca8        0     1                 .Lpcrel_hi6
        80200ca8         80200ca8        0     1                 
        80200cac         80200cac        0     1                 
        80200cb4         80200cb4        0     1                 
        80200cb4         80200cb4        0     1                 
        80200cb4         80200cb4        0     1                 
        80200cb4         80200cb4        0     1                 
        80200cb4         80200cb4        0     1                 
        80200cb4         80200cb4        0     1                 
        80200cb4         80200cb4       22     1                 kvmmap
        80200cba         80200cba        0     1                 
        80200cba         80200cba        0     1                 
        80200cbc         80200cbc        0     1                 
        80200cbe         80200cbe        0     1                 
        80200cc2         80200cc2        0     1                 
        80200cc2         80200cc2        0     1                 
        80200cc4         80200cc4        0     1                 
        80200cc6         80200cc6        0     1                 
        80200cca         80200cca        0     1                 .LBB1_2
        80200cca         80200cca        0     1                 .Lpcrel_hi8
        80200cca         80200cca        0     1                 
        80200cd6         80200cd6        0     1                 
        80200cd6         80200cd6        0     1                 
        80200cd6         80200cd6        0     1                 
        80200cd6         80200cd6        0     1                 
        80200cd6         80200cd6        0     1                 
        80200cd6         80200cd6        0     1                 
        80200cd6         80200cd6       c6     1                 mappages
        80200cec         80200cec        0     1                 
        80200cec         80200cec        0     1                 
        80200cf0         80200cf0        0     1                 
        80200cf2         80200cf2        0     1                 
        80200cf4         80200cf4        0     1                 
        80200cf8         80200cf8        0     1                 
        80200cfa         80200cfa        0     1                 
        80200cfc         80200cfc        0     1                 
        80200cfe         80200cfe        0     1                 
        80200d00         80200d00        0     1                 
        80200d02         80200d02        0     1                 
        80200d02         80200d02        0     1                 
        80200d0c         80200d0c        0     1                 
        80200d0c         80200d0c        0     1                 
        80200d0e         80200d0e        0     1                 
        80200d0e         80200d0e        0     1                 
        80200d10         80200d10        0     1                 
        80200d14         80200d14        0     1                 
        80200d14         80200d14        0     1                 
        80200d22         80200d22        0     1                 
        80200d22         80200d22        0     1                 .LBB2_5
        80200d22         80200d22        0     1                 
        80200d28         80200d28        0     1                 
        80200d2a         80200d2a        0     1                 
        80200d30         80200d30        0     1                 
        80200d34         80200d34        0     1                 
        80200d36         80200d36        0     1                 
        80200d38         80200d38        0     1                 
        80200d3a         80200d3a        0     1                 
        80200d3e         80200d3e        0     1                 
        80200d44         80200d44        0     1                 
        80200d44         80200d44        0     1                 
        80200d52         80200d52        0     1                 .LBB2_8
        80200d52         80200d52        0     1                 
        80200d54         80200d54        0     1                 .LBB2_9
        80200d54         80200d54        0     1                 
        80200d54         80200d54        0     1                 
        80200d56         80200d56        0     1                 
        80200d56         80200d56        0     1                 
        80200d60         80200d60        0     1                 
        80200d64         80200d64        0     1                 
        80200d68         80200d68        0     1                 
        80200d6c         80200d6c        0     1                 .LBB2_10
        80200d6c         80200d6c        0     1                 
        80200d6c         80200d6c        0     1                 .Lpcrel_hi12
        80200d6c         80200d6c        0     1                 
        80200d70         80200d70        0     1                 
        80200d78         80200d78        0     1                 .LBB2_11
        80200d78         80200d78        0     1                 
        80200d78         80200d78        0     1                 .Lpcrel_hi9
        80200d78         80200d78        0     1                 
        80200d7c         80200d7c        0     1                 
        80200d84         80200d84        0     1                 .LBB2_12
        80200d84         80200d84        0     1                 
        80200d84         80200d84        0     1                 .Lpcrel_hi10
        80200d84         80200d84        0     1                 
        80200d90         80200d90        0     1                 .LBB2_13
        80200d90         80200d90        0     1                 
        80200d90         80200d90        0     1                 .Lpcrel_hi11
        80200d90         80200d90        0     1                 
        80200d9c         80200d9c        0     1                 
        80200d9c         80200d9c        0     1                 
        80200d9c         80200d9c        0     1                 
        80200d9c         80200d9c        0     1                 
        80200d9c         80200d9c        0     1                 
        80200d9c         80200d9c        0     1                 
        80200d9c         80200d9c       16     1                 kvminit
        80200da0         80200da0        0     1                 
        80200da4         80200da4        0     1                 
        80200da4         80200da4        0     1                 .Lpcrel_hi13
        80200da4         80200da4        0     1                 
        80200dae         80200dae        0     1                 
        80200db2         80200db2        0     1                 
        80200db2         80200db2        0     1                 
        80200db2         80200db2        0     1                 
        80200db2         80200db2        0     1                 
        80200db2         80200db2        0     1                 
        80200db2         80200db2       1e     1                 kvminithart
        80200db6         80200db6        0     1                 .Lpcrel_hi14
        80200db6         80200db6        0     1                 
        80200dc6         80200dc6        0     1                 
        80200dc6         80200dc6        0     1                 
        80200dca         80200dca        0     1                 
        80200dca         80200dca        0     1                 
        80200dce         80200dce        0     1                 
        80200dd0         80200dd0        0     1                 
        80200dd0         80200dd0        0     1                 
        80200dd0         80200dd0        0     1                 
        80200dd0         80200dd0        0     1                 
        80200dd0         80200dd0        0     1                 
        80200dd0         80200dd0       c4     1                 walk
        80200dde         80200dde        0     1                 
        80200dde         80200dde        0     1                 
        80200de0         80200de0        0     1                 
        80200de2         80200de2        0     1                 
        80200de2         80200de2        0     1                 
        80200dec         80200dec        0     1                 
        80200dec         80200dec        0     1                 
        80200dee         80200dee        0     1                 
        80200dee         80200dee        0     1                 
        80200df2         80200df2        0     1                 
        80200df4         80200df4        0     1                 
        80200df6         80200df6        0     1                 
        80200dfa         80200dfa        0     1                 
        80200dfa         80200dfa        0     1                 
        80200dfc         80200dfc        0     1                 
        80200e08         80200e08        0     1                 
        80200e08         80200e08        0     1                 
        80200e0e         80200e0e        0     1                 
        80200e10         80200e10        0     1                 
        80200e12         80200e12        0     1                 
        80200e12         80200e12        0     1                 
        80200e1e         80200e1e        0     1                 
        80200e1e         80200e1e        0     1                 
        80200e22         80200e22        0     1                 
        80200e26         80200e26        0     1                 
        80200e2a         80200e2a        0     1                 .LBB5_5
        80200e2a         80200e2a        0     1                 
        80200e2a         80200e2a        0     1                 
        80200e2e         80200e2e        0     1                 
        80200e2e         80200e2e        0     1                 
        80200e3c         80200e3c        0     1                 
        80200e3c         80200e3c        0     1                 
        80200e40         80200e40        0     1                 
        80200e40         80200e40        0     1                 
        80200e44         80200e44        0     1                 
        80200e46         80200e46        0     1                 
        80200e48         80200e48        0     1                 .LBB5_7
        80200e48         80200e48        0     1                 
        80200e48         80200e48        0     1                 
        80200e4c         80200e4c        0     1                 
        80200e4c         80200e4c        0     1                 
        80200e4e         80200e4e        0     1                 
        80200e50         80200e50        0     1                 
        80200e50         80200e50        0     1                 
        80200e58         80200e58        0     1                 
        80200e58         80200e58        0     1                 
        80200e5e         80200e5e        0     1                 
        80200e60         80200e60        0     1                 
        80200e66         80200e66        0     1                 .LBB5_9
        80200e66         80200e66        0     1                 
        80200e66         80200e66        0     1                 
        80200e6c         80200e6c        0     1                 .LBB5_10
        80200e6c         80200e6c        0     1                 
        80200e6c         80200e6c        0     1                 
        80200e6e         80200e6e        0     1                 
        80200e78         80200e78        0     1                 .LBB5_11
        80200e78         80200e78        0     1                 
        80200e7a         80200e7a        0     1                 .LBB5_12
        80200e7a         80200e7a        0     1                 
        80200e84         80200e84        0     1                 
        80200e88         80200e88        0     1                 .LBB5_13
        80200e88         80200e88        0     1                 
        80200e88         80200e88        0     1                 .Lpcrel_hi15
        80200e88         80200e88        0     1                 
        80200e8c         80200e8c        0     1                 
        80200e94         80200e94        0     1                 
        80200e94         80200e94        0     1                 
        80200e94         80200e94        0     1                 
        80200e94         80200e94        0     1                 
        80200e94         80200e94        0     1                 
        80200e94         80200e94        0     1                 
        80200e94         80200e94       54     1                 walkaddr
        80200e98         80200e98        0     1                 
        80200e9a         80200e9a        0     1                 
        80200e9a         80200e9a        0     1                 
        80200ea2         80200ea2        0     1                 
        80200ea2         80200ea2        0     1                 
        80200ea4         80200ea4        0     1                 
        80200ea4         80200ea4        0     1                 
        80200ea8         80200ea8        0     1                 
        80200eaa         80200eaa        0     1                 
        80200eae         80200eae        0     1                 
        80200eae         80200eae        0     1                 
        80200eba         80200eba        0     1                 
        80200eba         80200eba        0     1                 
        80200ebc         80200ebc        0     1                 
        80200ebc         80200ebc        0     1                 
        80200ec0         80200ec0        0     1                 
        80200ec2         80200ec2        0     1                 
        80200ec6         80200ec6        0     1                 
        80200ec6         80200ec6        0     1                 
        80200ec8         80200ec8        0     1                 
        80200ec8         80200ec8        0     1                 
        80200eca         80200eca        0     1                 
        80200ed2         80200ed2        0     1                 
        80200ed2         80200ed2        0     1                 
        80200ed4         80200ed4        0     1                 
        80200ed4         80200ed4        0     1                 
        80200ede         80200ede        0     1                 
        80200ee2         80200ee2        0     1                 
        80200ee2         80200ee2        0     1                 
        80200ee4         80200ee4        0     1                 .LBB6_6
        80200ee4         80200ee4        0     1                 
        80200ee4         80200ee4        0     1                 
        80200ee6         80200ee6        0     1                 .LBB6_7
        80200ee6         80200ee6        0     1                 
        80200ee8         80200ee8        0     1                 
        80200ee8         80200ee8        0     1                 
        80200ee8         80200ee8        0     1                 
        80200ee8         80200ee8        0     1                 
        80200ee8         80200ee8        0     1                 
        80200ee8         80200ee8       20     1                 uvmcreate
        80200eee         80200eee        0     1                 
        80200ef2         80200ef2        0     1                 
[...]
            23a5             23a5        0     1                 
            23db             23db        0     1                 
            2417             2417        0     1                 
            244d             244d        0     1                 
            2483             2483        0     1                 
            24b9             24b9        0     1                 
            2502             2502        0     1                 
            2538             2538        0     1                 
            255f             255f        0     1                 
            2595             2595        0     1                 
            25f9             25f9        0     1                 
            262f             262f        0     1                 
            2652             2652        0     1                 
            269b             269b        0     1                 
            26be             26be        0     1                 
            2708             2708        0     1                 
            2742             2742        0     1                 
            277a             277a        0     1                 
            27b0             27b0        0     1                 
            27f9             27f9        0     1                 
            282f             282f        0     1                 
            2869             2869        0     1                 
            28a3             28a3        0     1                 
            28d9             28d9        0     1                 
            28fc             28fc        0     1                 
            291f             291f        0     1                 
            297b             297b        0     1                 
            29c4             29c4        0     1                 
            2a20             2a20        0     1                 
            2a69             2a69        0     1                 
            2aa3             2aa3        0     1                 
            2add             2add        0     1                 
            2b13             2b13        0     1                 
            2b70             2b70        0     1                 
            2bac             2bac        0     1                 
            2c20             2c20        0     1                 
            2c7c             2c7c        0     1                 
            2cb2             2cb2        0     1                 
            2ce8             2ce8        0     1                 
            2d2a             2d2a        0     1                 
            2d66             2d66        0     1                 
            2d9c             2d9c        0     1                 
            2dd2             2dd2        0     1                 
            2e09             2e09        0     1                 
            2e43             2e43        0     1                 
            2e79             2e79        0     1                 
            2eaf             2eaf        0     1                 
            2ed2             2ed2        0     1                 
            2ef5             2ef5        0     1                 
            2f2b             2f2b        0     1                 
            2f61             2f61        0     1                 
            2faa             2faa        0     1                 
            2fe0             2fe0        0     1                 
            301a             301a        0     1                 
            3054             3054        0     1                 
            308a             308a        0     1                 
            30cd             30cd        0     1                 
            3103             3103        0     1                 
            3139             3139        0     1                 
            3182             3182        0     1                 
            31de             31de        0     1                 
            3242             3242        0     1                 
            32a6             32a6        0     1                 
            32dc             32dc        0     1                 
            331f             331f       69     1         /tmp/timer-d1a331.o:(.debug_loc)
            331f             331f        0     1                 
            331f             331f        0     1                 $d.1
            3342             3342        0     1                 
            3365             3365        0     1                 
            3388             3388       4a     1         /tmp/trap_handle-2bfc63.o:(.debug_loc)
            3388             3388        0     1                 
            3388             3388        0     1                 $d.2
            33d2             33d2      48e     1         /tmp/process_manager-ad3c04.o:(.debug_loc)
            33d2             33d2        0     1                 
            33d2             33d2        0     1                 $d.4
            3408             3408        0     1                 
            357d             357d        0     1                 
            35b4             35b4        0     1                 
            35ee             35ee        0     1                 
            3628             3628        0     1                 
            365e             365e        0     1                 
            3681             3681        0     1                 
            3729             3729        0     1                 
            3785             3785        0     1                 
            383d             383d        0     1                 
               0                0      bf8     1 .debug_abbrev
               0                0      12d     1         /tmp/main-3e7c7e.o:(.debug_abbrev)
               0                0        0     1                 $d.3
             12d              12d      213     1         /tmp/common-ba13ff.o:(.debug_abbrev)
             12d              12d        0     1                 $d.3
             340              340       ad     1         /tmp/HAL-9ac66f.o:(.debug_abbrev)
             340              340        0     1                 $d.2
             3ed              3ed      15f     1         /tmp/kalloc-bf0705.o:(.debug_abbrev)
             3ed              3ed        0     1                 $d.4
             54c              54c      2b4     1         /tmp/vm-9815cb.o:(.debug_abbrev)
             54c              54c        0     1                 $d.4
             800              800      106     1         /tmp/timer-d1a331.o:(.debug_abbrev)
             800              800        0     1                 $d.2
             906              906       21     1         /tmp/entry-d80562.o:(.debug_abbrev)
             906              906        0     1                 
             906              906        0     1                 $d.3
             927              927       dc     1         /tmp/trap_handle-2bfc63.o:(.debug_abbrev)
             927              927        0     1                 $d.3
             a03              a03       58     1         /tmp/PLIC-fb2000.o:(.debug_abbrev)
             a03              a03        0     1                 $d.1
             a5b              a5b      15b     1         /tmp/process_manager-ad3c04.o:(.debug_abbrev)
             a5b              a5b        0     1                 $d.5
             bb6              bb6       21     1         /tmp/kernelvec-22cbf5.o:(.debug_abbrev)
             bb6              bb6        0     1                 
             bb6              bb6        0     1                 $d.3
             bd7              bd7       21     1         /tmp/switch_context-c409b8.o:(.debug_abbrev)
             bd7              bd7        0     1                 
             bd7              bd7        0     1                 $d.3
               0                0     2849     1 .debug_info
               0                0      2bb     1         /tmp/main-3e7c7e.o:(.debug_info)
               0                0        0     1                 $d.4
             2bb              2bb      8dd     1         /tmp/common-ba13ff.o:(.debug_info)
             2bb              2bb        0     1                 $d.4
             b98              b98      1b4     1         /tmp/HAL-9ac66f.o:(.debug_info)
             b98              b98        0     1                 $d.3
             d4c              d4c      2af     1         /tmp/kalloc-bf0705.o:(.debug_info)
             d4c              d4c        0     1                 $d.5
             ffb              ffb     109d     1         /tmp/vm-9815cb.o:(.debug_info)
             ffb              ffb        0     1                 $d.5
            2098             2098      115     1         /tmp/timer-d1a331.o:(.debug_info)
            2098             2098        0     1                 $d.3
            21ad             21ad       9d     1         /tmp/entry-d80562.o:(.debug_info)
            21ad             21ad        0     1                 
            21ad             21ad        0     1                 $d.4
            224a             224a      103     1         /tmp/trap_handle-2bfc63.o:(.debug_info)
            224a             224a        0     1                 $d.4
            234d             234d       64     1         /tmp/PLIC-fb2000.o:(.debug_info)
            234d             234d        0     1                 $d.2
            23b1             23b1      36e     1         /tmp/process_manager-ad3c04.o:(.debug_info)
            23b1             23b1        0     1                 $d.6
            271f             271f       90     1         /tmp/kernelvec-22cbf5.o:(.debug_info)
            271f             271f        0     1                 
            271f             271f        0     1                 $d.4
            27af             27af       9a     1         /tmp/switch_context-c409b8.o:(.debug_info)
            27af             27af        0     1                 
            27af             27af        0     1                 $d.4
               0                0      4c2     1 .debug_str
               0                0      4c2     1         <internal>:(.debug_str)
               0                0       42     1 .comment
               0                0       42     1         <internal>:(.comment)
               0                0       2b     1 .riscv.attributes
               0                0       2b     1         <internal>:(.riscv.attributes)
               0                0      6c8     8 .debug_frame
               0                0       98     8         /tmp/main-3e7c7e.o:(.debug_frame)
               0                0        0     1                 
               0                0        0     1                 $d.8
              98               98      128     8         /tmp/common-ba13ff.o:(.debug_frame)
              98               98        0     1                 
              98               98        0     1                 $d.9
             1c0              1c0       48     8         /tmp/HAL-9ac66f.o:(.debug_frame)
             1c0              1c0        0     1                 
             1c0              1c0        0     1                 $d.7
             208              208       b8     8         /tmp/kalloc-bf0705.o:(.debug_frame)
             208              208        0     1                 
             208              208        0     1                 $d.10
             2c0              2c0      270     8         /tmp/vm-9815cb.o:(.debug_frame)
             2c0              2c0        0     1                 
             2c0              2c0        0     1                 $d.10
             530              530       60     8         /tmp/timer-d1a331.o:(.debug_frame)
             530              530        0     1                 
             530              530        0     1                 $d.7
             590              590       38     8         /tmp/trap_handle-2bfc63.o:(.debug_frame)
             590              590        0     1                 
             590              590        0     1                 $d.8
             5c8              5c8       48     8         /tmp/PLIC-fb2000.o:(.debug_frame)
             5c8              5c8        0     1                 
             5c8              5c8        0     1                 $d.6
             610              610       b8     8         /tmp/process_manager-ad3c04.o:(.debug_frame)
             610              610        0     1                 
             610              610        0     1                 $d.11
               0                0     233d     1 .debug_line
               0                0      137     1         /tmp/main-3e7c7e.o:(.debug_line)
               0                0        0     1                 .Lline_table_start0
               0                0        0     1                 $d.9
             137              137      a37     1         /tmp/common-ba13ff.o:(.debug_line)
             137              137        0     1                 .Lline_table_start0
             137              137        0     1                 $d.10
             b6e              b6e       75     1         /tmp/HAL-9ac66f.o:(.debug_line)
             b6e              b6e        0     1                 .Lline_table_start0
             b6e              b6e        0     1                 $d.8
             be3              be3      214     1         /tmp/kalloc-bf0705.o:(.debug_line)
             be3              be3        0     1                 .Lline_table_start0
             be3              be3        0     1                 $d.11
             df7              df7      cad     1         /tmp/vm-9815cb.o:(.debug_line)
             df7              df7        0     1                 .Lline_table_start0
             df7              df7        0     1                 $d.11
            1aa4             1aa4       7c     1         /tmp/timer-d1a331.o:(.debug_line)
            1aa4             1aa4        0     1                 .Lline_table_start0
            1aa4             1aa4        0     1                 $d.8
            1b20             1b20       4f     1         /tmp/entry-d80562.o:(.debug_line)
            1b20             1b20        0     1                 .Lline_table_start0
            1b20             1b20        0     1                 $d.5
            1b6f             1b6f       c2     1         /tmp/trap_handle-2bfc63.o:(.debug_line)
            1b6f             1b6f        0     1                 .Lline_table_start0
            1b6f             1b6f        0     1                 $d.9
            1c31             1c31       62     1         /tmp/PLIC-fb2000.o:(.debug_line)
            1c31             1c31        0     1                 .Lline_table_start0
            1c31             1c31        0     1                 $d.7
            1c93             1c93      45b     1         /tmp/process_manager-ad3c04.o:(.debug_line)
            1c93             1c93        0     1                 .Lline_table_start0
            1c93             1c93        0     1                 $d.12
            20ee             20ee       2e     1         /tmp/trampoline-917d7e.o:(.debug_line)
            20ee             20ee        0     1                 $d.2
            211c             211c      129     1         /tmp/kernelvec-22cbf5.o:(.debug_line)
            211c             211c        0     1                 .Lline_table_start0
            211c             211c        0     1                 $d.5
            2245             2245       f8     1         /tmp/switch_context-c409b8.o:(.debug_line)
            2245             2245        0     1                 .Lline_table_start0
            2245             2245        0     1                 $d.5
               0                0      6f0     1 .debug_ranges
               0                0      270     1         /tmp/common-ba13ff.o:(.debug_ranges)
               0                0        0     1                 
               0                0        0     1                 $d.5
              30               30        0     1                 
              60               60        0     1                 
              90               90        0     1                 
              c0               c0        0     1                 
              f0               f0        0     1                 
             120              120        0     1                 
             150              150        0     1                 
             180              180        0     1                 
             1b0              1b0        0     1                 
             1e0              1e0        0     1                 
             210              210        0     1                 
             240              240        0     1                 
             270              270       b0     1         /tmp/kalloc-bf0705.o:(.debug_ranges)
             270              270        0     1                 
             270              270        0     1                 $d.6
             2a0              2a0        0     1                 
             2e0              2e0        0     1                 
             320              320      370     1         /tmp/vm-9815cb.o:(.debug_ranges)
             320              320        0     1                 
             320              320        0     1                 $d.6
             350              350        0     1                 
             380              380        0     1                 
             3b0              3b0        0     1                 
             3e0              3e0        0     1                 
             410              410        0     1                 
             440              440        0     1                 
             470              470        0     1                 
             4a0              4a0        0     1                 
             4d0              4d0        0     1                 
             500              500        0     1                 
             530              530        0     1                 
             560              560        0     1                 
             590              590        0     1                 
             5c0              5c0        0     1                 
             610              610        0     1                 
             650              650        0     1                 
             690              690       60     1         /tmp/process_manager-ad3c04.o:(.debug_ranges)
             690              690        0     1                 
             690              690        0     1                 $d.7
             6c0              6c0        0     1                 
               0                0       90     1 .debug_aranges
               0                0       30     1         /tmp/entry-d80562.o:(.debug_aranges)
               0                0        0     1                 $d.2
              30               30       30     1         /tmp/kernelvec-22cbf5.o:(.debug_aranges)
              30               30        0     1                 $d.2
              60               60       30     1         /tmp/switch_context-c409b8.o:(.debug_aranges)
              60               60        0     1                 $d.2
               0                0     e898     8 .symtab
               0                0     e898     8         <internal>:(.symtab)
               0                0       af     1 .shstrtab
               0                0       af     1         <internal>:(.shstrtab)
               0                0      4c9     1 .strtab
               0                0      4c9     1         <internal>:(.strtab)
